C:/Users/marciasm/OneDrive - STMicroelectronics/Documents/GitHub/STM32CubeWBA/Projects/NUCLEO-WBA52CG/Applications/BLE/BLE_p2pRouter/STM32_WPAN/Target/ll_sys_if.c:104:6:request_temperature_measurement	16	static,ignoring_inline_asm
C:/Users/marciasm/OneDrive - STMicroelectronics/Documents/GitHub/STM32CubeWBA/Projects/NUCLEO-WBA52CG/Applications/BLE/BLE_p2pRouter/STM32_WPAN/Target/ll_sys_if.c:62:6:ll_sys_bg_process_init	0	static
C:/Users/marciasm/OneDrive - STMicroelectronics/Documents/GitHub/STM32CubeWBA/Projects/NUCLEO-WBA52CG/Applications/BLE/BLE_p2pRouter/STM32_WPAN/Target/ll_sys_if.c:73:6:ll_sys_schedule_bg_process	0	static
C:/Users/marciasm/OneDrive - STMicroelectronics/Documents/GitHub/STM32CubeWBA/Projects/NUCLEO-WBA52CG/Applications/BLE/BLE_p2pRouter/STM32_WPAN/Target/ll_sys_if.c:78:6:ll_sys_config_params	8	static
C:/Users/marciasm/OneDrive - STMicroelectronics/Documents/GitHub/STM32CubeWBA/Projects/NUCLEO-WBA52CG/Applications/BLE/BLE_p2pRouter/STM32_WPAN/Target/ll_sys_if.c:99:6:ll_sys_bg_temperature_measurement	0	static
C:/Users/marciasm/OneDrive - STMicroelectronics/Documents/GitHub/STM32CubeWBA/Projects/NUCLEO-WBA52CG/Applications/BLE/BLE_p2pRouter/STM32_WPAN/Target/ll_sys_if.c:118:6:LINKLAYER_PLAT_EnableOSContextSwitch	0	static
C:/Users/marciasm/OneDrive - STMicroelectronics/Documents/GitHub/STM32CubeWBA/Projects/NUCLEO-WBA52CG/Applications/BLE/BLE_p2pRouter/STM32_WPAN/Target/ll_sys_if.c:123:6:LINKLAYER_PLAT_DisableOSContextSwitch	0	static
