C:/Users/marciasm/OneDrive - STMicroelectronics/Documents/GitHub/STM32CubeWBA/Projects/NUCLEO-WBA52CG/Applications/BLE/BLE_p2pRouter/System/Modules/adc_ctrl.c:201:13:adc_ctrl_AdcDeactivate	8	static
C:/Users/marciasm/OneDrive - STMicroelectronics/Documents/GitHub/STM32CubeWBA/Projects/NUCLEO-WBA52CG/Applications/BLE/BLE_p2pRouter/System/Modules/adc_ctrl.c:230:6:adc_ctrl_init	0	static
C:/Users/marciasm/OneDrive - STMicroelectronics/Documents/GitHub/STM32CubeWBA/Projects/NUCLEO-WBA52CG/Applications/BLE/BLE_p2pRouter/System/Modules/adc_ctrl.c:242:6:adc_ctrl_req	16	static,ignoring_inline_asm
C:/Users/marciasm/OneDrive - STMicroelectronics/Documents/GitHub/STM32CubeWBA/Projects/NUCLEO-WBA52CG/Applications/BLE/BLE_p2pRouter/System/Modules/adc_ctrl.c:270:10:adc_ctrl_request_temperature	16	static
