C:/Users/marciasm/OneDrive - STMicroelectronics/Documents/GitHub/STM32CubeWBA/Projects/NUCLEO-WBA52CG/Applications/BLE/BLE_p2pRouter/System/Modules/ble_timer.c:107:13:BLE_TIMER_Callback	8	static
C:/Users/marciasm/OneDrive - STMicroelectronics/Documents/GitHub/STM32CubeWBA/Projects/NUCLEO-WBA52CG/Applications/BLE/BLE_p2pRouter/System/Modules/ble_timer.c:48:6:BLE_TIMER_Init	8	static
C:/Users/marciasm/OneDrive - STMicroelectronics/Documents/GitHub/STM32CubeWBA/Projects/NUCLEO-WBA52CG/Applications/BLE/BLE_p2pRouter/System/Modules/ble_timer.c:93:6:BLE_TIMER_Stop	24	static
C:/Users/marciasm/OneDrive - STMicroelectronics/Documents/GitHub/STM32CubeWBA/Projects/NUCLEO-WBA52CG/Applications/BLE/BLE_p2pRouter/System/Modules/ble_timer.c:57:9:BLE_TIMER_Start	32	static
