C:/Users/marciasm/OneDrive - STMicroelectronics/Documents/GitHub/STM32CubeWBA/Projects/NUCLEO-WBA52CG/Applications/BLE/BLE_p2pRouter/System/Modules/MemoryManager/stm32_mm.c:465:13:prvInsertBlockIntoFreeList	8	static
C:/Users/marciasm/OneDrive - STMicroelectronics/Documents/GitHub/STM32CubeWBA/Projects/NUCLEO-WBA52CG/Applications/BLE/BLE_p2pRouter/System/Modules/MemoryManager/stm32_mm.c:183:8:UTIL_MM_GetBuffer	24	static
C:/Users/marciasm/OneDrive - STMicroelectronics/Documents/GitHub/STM32CubeWBA/Projects/NUCLEO-WBA52CG/Applications/BLE/BLE_p2pRouter/System/Modules/MemoryManager/stm32_mm.c:340:6:UTIL_MM_ReleaseBuffer	8	static
C:/Users/marciasm/OneDrive - STMicroelectronics/Documents/GitHub/STM32CubeWBA/Projects/NUCLEO-WBA52CG/Applications/BLE/BLE_p2pRouter/System/Modules/MemoryManager/stm32_mm.c:411:6:UTIL_MM_Init	0	static
