###############################################################################
#
# IAR ELF Linker V9.20.4.327/W64 for ARM                  03/May/2023  18:06:52
# Copyright 2007-2022 IAR Systems AB.
#
#    Output file  =
#        C:\Users\marciasm\OneDrive -
#        STMicroelectronics\Documents\GitHub\STM32CubeWBA\Projects\NUCLEO-WBA52CG\Applications\BLE\BLE_p2pServer_ota\EWARM\BLE_p2pServer_ota\Exe\BLE_p2pServer_ota.out
#    Map file     =
#        C:\Users\marciasm\OneDrive -
#        STMicroelectronics\Documents\GitHub\STM32CubeWBA\Projects\NUCLEO-WBA52CG\Applications\BLE\BLE_p2pServer_ota\EWARM\BLE_p2pServer_ota\List\BLE_p2pServer_ota.map
#    Command line =
#        -f "C:\Users\marciasm\OneDrive -
#        STMicroelectronics\Documents\GitHub\STM32CubeWBA\Projects\NUCLEO-WBA52CG\Applications\BLE\BLE_p2pServer_ota\EWARM\BLE_p2pServer_ota\Exe\BLE_p2pServer_ota.out.rsp"
#        ("C:\Users\marciasm\OneDrive -
#        STMicroelectronics\Documents\GitHub\STM32CubeWBA\Projects\NUCLEO-WBA52CG\Applications\BLE\BLE_p2pServer_ota\EWARM\BLE_p2pServer_ota\Obj\Application\User\System\Modules\adc_ctrl.o"
#        "C:\Users\marciasm\OneDrive -
#        STMicroelectronics\Documents\GitHub\STM32CubeWBA\Projects\NUCLEO-WBA52CG\Applications\BLE\BLE_p2pServer_ota\EWARM\BLE_p2pServer_ota\Obj\Application\User\System\Modules\MemoryManager\advanced_memory_manager.o"
#        "C:\Users\marciasm\OneDrive -
#        STMicroelectronics\Documents\GitHub\STM32CubeWBA\Projects\NUCLEO-WBA52CG\Applications\BLE\BLE_p2pServer_ota\EWARM\BLE_p2pServer_ota\Obj\Application\User\STM32_WPAN\App\app_ble.o"
#        "C:\Users\marciasm\OneDrive -
#        STMicroelectronics\Documents\GitHub\STM32CubeWBA\Projects\NUCLEO-WBA52CG\Applications\BLE\BLE_p2pServer_ota\EWARM\BLE_p2pServer_ota\Obj\Application\User\System\Config\Debug_GPIO\app_debug.o"
#        "C:\Users\marciasm\OneDrive -
#        STMicroelectronics\Documents\GitHub\STM32CubeWBA\Projects\NUCLEO-WBA52CG\Applications\BLE\BLE_p2pServer_ota\EWARM\BLE_p2pServer_ota\Obj\Application\User\Core\app_entry.o"
#        "C:\Users\marciasm\OneDrive -
#        STMicroelectronics\Documents\GitHub\STM32CubeWBA\Projects\NUCLEO-WBA52CG\Applications\BLE\BLE_p2pServer_ota\EWARM\BLE_p2pServer_ota\Obj\Application\User\System\Modules\app_sys.o"
#        "C:\Users\marciasm\OneDrive -
#        STMicroelectronics\Documents\GitHub\STM32CubeWBA\Projects\NUCLEO-WBA52CG\Applications\BLE\BLE_p2pServer_ota\EWARM\BLE_p2pServer_ota\Obj\Application\User\System\Modules\baes\baes_cmac.o"
#        "C:\Users\marciasm\OneDrive -
#        STMicroelectronics\Documents\GitHub\STM32CubeWBA\Projects\NUCLEO-WBA52CG\Applications\BLE\BLE_p2pServer_ota\EWARM\BLE_p2pServer_ota\Obj\Application\User\System\Modules\baes\baes_ecb.o"
#        "C:\Users\marciasm\OneDrive -
#        STMicroelectronics\Documents\GitHub\STM32CubeWBA\Projects\NUCLEO-WBA52CG\Applications\BLE\BLE_p2pServer_ota\EWARM\BLE_p2pServer_ota\Obj\Application\User\System\Modules\ble_timer.o"
#        "C:\Users\marciasm\OneDrive -
#        STMicroelectronics\Documents\GitHub\STM32CubeWBA\Projects\NUCLEO-WBA52CG\Applications\BLE\BLE_p2pServer_ota\EWARM\BLE_p2pServer_ota\Obj\Application\User\STM32_WPAN\Target\bleplat.o"
#        "C:\Users\marciasm\OneDrive -
#        STMicroelectronics\Documents\GitHub\STM32CubeWBA\Projects\NUCLEO-WBA52CG\Applications\BLE\BLE_p2pServer_ota\EWARM\BLE_p2pServer_ota\Obj\Application\User\STM32_WPAN\Target\bpka.o"
#        "C:\Users\marciasm\OneDrive -
#        STMicroelectronics\Documents\GitHub\STM32CubeWBA\Projects\NUCLEO-WBA52CG\Applications\BLE\BLE_p2pServer_ota\EWARM\BLE_p2pServer_ota\Obj\Application\User\System\Modules\Flash\flash_driver.o"
#        "C:\Users\marciasm\OneDrive -
#        STMicroelectronics\Documents\GitHub\STM32CubeWBA\Projects\NUCLEO-WBA52CG\Applications\BLE\BLE_p2pServer_ota\EWARM\BLE_p2pServer_ota\Obj\Application\User\System\Modules\Flash\flash_manager.o"
#        "C:\Users\marciasm\OneDrive -
#        STMicroelectronics\Documents\GitHub\STM32CubeWBA\Projects\NUCLEO-WBA52CG\Applications\BLE\BLE_p2pServer_ota\EWARM\BLE_p2pServer_ota\Obj\Application\User\STM32_WPAN\Target\host_stack_if.o"
#        "C:\Users\marciasm\OneDrive -
#        STMicroelectronics\Documents\GitHub\STM32CubeWBA\Projects\NUCLEO-WBA52CG\Applications\BLE\BLE_p2pServer_ota\EWARM\BLE_p2pServer_ota\Obj\Application\User\System\Interfaces\hw_aes.o"
#        "C:\Users\marciasm\OneDrive -
#        STMicroelectronics\Documents\GitHub\STM32CubeWBA\Projects\NUCLEO-WBA52CG\Applications\BLE\BLE_p2pServer_ota\EWARM\BLE_p2pServer_ota\Obj\Application\User\System\Interfaces\hw_otp.o"
#        "C:\Users\marciasm\OneDrive -
#        STMicroelectronics\Documents\GitHub\STM32CubeWBA\Projects\NUCLEO-WBA52CG\Applications\BLE\BLE_p2pServer_ota\EWARM\BLE_p2pServer_ota\Obj\Application\User\System\Interfaces\hw_pka.o"
#        "C:\Users\marciasm\OneDrive -
#        STMicroelectronics\Documents\GitHub\STM32CubeWBA\Projects\NUCLEO-WBA52CG\Applications\BLE\BLE_p2pServer_ota\EWARM\BLE_p2pServer_ota\Obj\Application\User\System\Interfaces\hw_rng.o"
#        C:\Users\marciasm\STM32Cube\Repository\STM32Cube_FW_WBA_V1.0.0\Middlewares\ST\STM32_WPAN\link_layer\ll_cmd_lib\lib\LinkLayer_BLE_Full_lib.a
#        "C:\Users\marciasm\OneDrive -
#        STMicroelectronics\Documents\GitHub\STM32CubeWBA\Projects\NUCLEO-WBA52CG\Applications\BLE\BLE_p2pServer_ota\EWARM\BLE_p2pServer_ota\Obj\Application\User\STM32_WPAN\Target\linklayer_plat.o"
#        "C:\Users\marciasm\OneDrive -
#        STMicroelectronics\Documents\GitHub\STM32CubeWBA\Projects\NUCLEO-WBA52CG\Applications\BLE\BLE_p2pServer_ota\EWARM\BLE_p2pServer_ota\Obj\Middlewares\STM32_WPAN\link_layer\ll_sys\ll_sys_cs.o"
#        "C:\Users\marciasm\OneDrive -
#        STMicroelectronics\Documents\GitHub\STM32CubeWBA\Projects\NUCLEO-WBA52CG\Applications\BLE\BLE_p2pServer_ota\EWARM\BLE_p2pServer_ota\Obj\Middlewares\STM32_WPAN\link_layer\ll_sys\ll_sys_dp_slp.o"
#        "C:\Users\marciasm\OneDrive -
#        STMicroelectronics\Documents\GitHub\STM32CubeWBA\Projects\NUCLEO-WBA52CG\Applications\BLE\BLE_p2pServer_ota\EWARM\BLE_p2pServer_ota\Obj\Middlewares\STM32_WPAN\link_layer\ll_sys\ll_sys_hclk_client.o"
#        "C:\Users\marciasm\OneDrive -
#        STMicroelectronics\Documents\GitHub\STM32CubeWBA\Projects\NUCLEO-WBA52CG\Applications\BLE\BLE_p2pServer_ota\EWARM\BLE_p2pServer_ota\Obj\Application\User\STM32_WPAN\Target\ll_sys_if.o"
#        "C:\Users\marciasm\OneDrive -
#        STMicroelectronics\Documents\GitHub\STM32CubeWBA\Projects\NUCLEO-WBA52CG\Applications\BLE\BLE_p2pServer_ota\EWARM\BLE_p2pServer_ota\Obj\Middlewares\STM32_WPAN\link_layer\ll_sys\ll_sys_intf.o"
#        "C:\Users\marciasm\OneDrive -
#        STMicroelectronics\Documents\GitHub\STM32CubeWBA\Projects\NUCLEO-WBA52CG\Applications\BLE\BLE_p2pServer_ota\EWARM\BLE_p2pServer_ota\Obj\Middlewares\STM32_WPAN\link_layer\ll_sys\ll_sys_startup.o"
#        "C:\Users\marciasm\OneDrive -
#        STMicroelectronics\Documents\GitHub\STM32CubeWBA\Projects\NUCLEO-WBA52CG\Applications\BLE\BLE_p2pServer_ota\EWARM\BLE_p2pServer_ota\Obj\Application\User\Core\main.o"
#        "C:\Users\marciasm\OneDrive -
#        STMicroelectronics\Documents\GitHub\STM32CubeWBA\Projects\NUCLEO-WBA52CG\Applications\BLE\BLE_p2pServer_ota\EWARM\BLE_p2pServer_ota\Obj\Application\User\System\Modules\Nvm\nvm_emul.o"
#        "C:\Users\marciasm\OneDrive -
#        STMicroelectronics\Documents\GitHub\STM32CubeWBA\Projects\NUCLEO-WBA52CG\Applications\BLE\BLE_p2pServer_ota\EWARM\BLE_p2pServer_ota\Obj\Application\User\STM32_WPAN\App\ota.o"
#        "C:\Users\marciasm\OneDrive -
#        STMicroelectronics\Documents\GitHub\STM32CubeWBA\Projects\NUCLEO-WBA52CG\Applications\BLE\BLE_p2pServer_ota\EWARM\BLE_p2pServer_ota\Obj\Application\User\STM32_WPAN\App\ota_app.o"
#        "C:\Users\marciasm\OneDrive -
#        STMicroelectronics\Documents\GitHub\STM32CubeWBA\Projects\NUCLEO-WBA52CG\Applications\BLE\BLE_p2pServer_ota\EWARM\BLE_p2pServer_ota\Obj\Application\User\System\Modules\otp.o"
#        "C:\Users\marciasm\OneDrive -
#        STMicroelectronics\Documents\GitHub\STM32CubeWBA\Projects\NUCLEO-WBA52CG\Applications\BLE\BLE_p2pServer_ota\EWARM\BLE_p2pServer_ota\Obj\Application\User\STM32_WPAN\App\p2p_server.o"
#        "C:\Users\marciasm\OneDrive -
#        STMicroelectronics\Documents\GitHub\STM32CubeWBA\Projects\NUCLEO-WBA52CG\Applications\BLE\BLE_p2pServer_ota\EWARM\BLE_p2pServer_ota\Obj\Application\User\STM32_WPAN\App\p2p_server_app.o"
#        "C:\Users\marciasm\OneDrive -
#        STMicroelectronics\Documents\GitHub\STM32CubeWBA\Projects\NUCLEO-WBA52CG\Applications\BLE\BLE_p2pServer_ota\EWARM\BLE_p2pServer_ota\Obj\Application\User\System\Interfaces\pka_p256.o"
#        "C:\Users\marciasm\OneDrive -
#        STMicroelectronics\Documents\GitHub\STM32CubeWBA\Projects\NUCLEO-WBA52CG\Applications\BLE\BLE_p2pServer_ota\EWARM\BLE_p2pServer_ota\Obj\Application\User\STM32_WPAN\Target\power_table.o"
#        "C:\Users\marciasm\OneDrive -
#        STMicroelectronics\Documents\GitHub\STM32CubeWBA\Projects\NUCLEO-WBA52CG\Applications\BLE\BLE_p2pServer_ota\EWARM\BLE_p2pServer_ota\Obj\Application\User\System\Modules\Flash\rf_timing_synchro.o"
#        "C:\Users\marciasm\OneDrive -
#        STMicroelectronics\Documents\GitHub\STM32CubeWBA\Projects\NUCLEO-WBA52CG\Applications\BLE\BLE_p2pServer_ota\EWARM\BLE_p2pServer_ota\Obj\Application\User\System\Modules\RTDebug\RTDebug.o"
#        "C:\Users\marciasm\OneDrive -
#        STMicroelectronics\Documents\GitHub\STM32CubeWBA\Projects\NUCLEO-WBA52CG\Applications\BLE\BLE_p2pServer_ota\EWARM\BLE_p2pServer_ota\Obj\Application\User\System\Modules\scm.o"
#        "C:\Users\marciasm\OneDrive -
#        STMicroelectronics\Documents\GitHub\STM32CubeWBA\Projects\NUCLEO-WBA52CG\Applications\BLE\BLE_p2pServer_ota\EWARM\BLE_p2pServer_ota\Obj\Application\User\System\Modules\Flash\simple_nvm_arbiter.o"
#        "C:\Users\marciasm\OneDrive -
#        STMicroelectronics\Documents\GitHub\STM32CubeWBA\Projects\NUCLEO-WBA52CG\Applications\BLE\BLE_p2pServer_ota\EWARM\BLE_p2pServer_ota\Obj\Application\EWARM\startup_stm32wba52xx.o"
#        "C:\Users\marciasm\OneDrive -
#        STMicroelectronics\Documents\GitHub\STM32CubeWBA\Projects\NUCLEO-WBA52CG\Applications\BLE\BLE_p2pServer_ota\EWARM\BLE_p2pServer_ota\Obj\Utilities\stm32_adv_trace.o"
#        "C:\Users\marciasm\OneDrive -
#        STMicroelectronics\Documents\GitHub\STM32CubeWBA\Projects\NUCLEO-WBA52CG\Applications\BLE\BLE_p2pServer_ota\EWARM\BLE_p2pServer_ota\Obj\Utilities\stm32_lpm.o"
#        "C:\Users\marciasm\OneDrive -
#        STMicroelectronics\Documents\GitHub\STM32CubeWBA\Projects\NUCLEO-WBA52CG\Applications\BLE\BLE_p2pServer_ota\EWARM\BLE_p2pServer_ota\Obj\Application\User\System\Interfaces\stm32_lpm_if.o"
#        "C:\Users\marciasm\OneDrive -
#        STMicroelectronics\Documents\GitHub\STM32CubeWBA\Projects\NUCLEO-WBA52CG\Applications\BLE\BLE_p2pServer_ota\EWARM\BLE_p2pServer_ota\Obj\Utilities\stm32_mem.o"
#        "C:\Users\marciasm\OneDrive -
#        STMicroelectronics\Documents\GitHub\STM32CubeWBA\Projects\NUCLEO-WBA52CG\Applications\BLE\BLE_p2pServer_ota\EWARM\BLE_p2pServer_ota\Obj\Application\User\System\Modules\MemoryManager\stm32_mm.o"
#        "C:\Users\marciasm\OneDrive -
#        STMicroelectronics\Documents\GitHub\STM32CubeWBA\Projects\NUCLEO-WBA52CG\Applications\BLE\BLE_p2pServer_ota\EWARM\BLE_p2pServer_ota\Obj\Utilities\stm32_seq.o"
#        "C:\Users\marciasm\OneDrive -
#        STMicroelectronics\Documents\GitHub\STM32CubeWBA\Projects\NUCLEO-WBA52CG\Applications\BLE\BLE_p2pServer_ota\EWARM\BLE_p2pServer_ota\Obj\Utilities\stm32_systime.o"
#        "C:\Users\marciasm\OneDrive -
#        STMicroelectronics\Documents\GitHub\STM32CubeWBA\Projects\NUCLEO-WBA52CG\Applications\BLE\BLE_p2pServer_ota\EWARM\BLE_p2pServer_ota\Obj\Utilities\stm32_timer.o"
#        "C:\Users\marciasm\OneDrive -
#        STMicroelectronics\Documents\GitHub\STM32CubeWBA\Projects\NUCLEO-WBA52CG\Applications\BLE\BLE_p2pServer_ota\EWARM\BLE_p2pServer_ota\Obj\Utilities\stm32_tiny_sscanf.o"
#        "C:\Users\marciasm\OneDrive -
#        STMicroelectronics\Documents\GitHub\STM32CubeWBA\Projects\NUCLEO-WBA52CG\Applications\BLE\BLE_p2pServer_ota\EWARM\BLE_p2pServer_ota\Obj\Utilities\stm32_tiny_vsnprintf.o"
#        C:\Users\marciasm\STM32Cube\Repository\STM32Cube_FW_WBA_V1.0.0\Middlewares\ST\STM32_WPAN\ble\stack\lib\stm32wba_ble_stack_full.a
#        "C:\Users\marciasm\OneDrive -
#        STMicroelectronics\Documents\GitHub\STM32CubeWBA\Projects\NUCLEO-WBA52CG\Applications\BLE\BLE_p2pServer_ota\EWARM\BLE_p2pServer_ota\Obj\Drivers\STM32WBAxx_HAL_Driver\stm32wbaxx_hal.o"
#        "C:\Users\marciasm\OneDrive -
#        STMicroelectronics\Documents\GitHub\STM32CubeWBA\Projects\NUCLEO-WBA52CG\Applications\BLE\BLE_p2pServer_ota\EWARM\BLE_p2pServer_ota\Obj\Drivers\STM32WBAxx_HAL_Driver\stm32wbaxx_hal_adc.o"
#        "C:\Users\marciasm\OneDrive -
#        STMicroelectronics\Documents\GitHub\STM32CubeWBA\Projects\NUCLEO-WBA52CG\Applications\BLE\BLE_p2pServer_ota\EWARM\BLE_p2pServer_ota\Obj\Drivers\STM32WBAxx_HAL_Driver\stm32wbaxx_hal_adc_ex.o"
#        "C:\Users\marciasm\OneDrive -
#        STMicroelectronics\Documents\GitHub\STM32CubeWBA\Projects\NUCLEO-WBA52CG\Applications\BLE\BLE_p2pServer_ota\EWARM\BLE_p2pServer_ota\Obj\Drivers\STM32WBAxx_HAL_Driver\stm32wbaxx_hal_cortex.o"
#        "C:\Users\marciasm\OneDrive -
#        STMicroelectronics\Documents\GitHub\STM32CubeWBA\Projects\NUCLEO-WBA52CG\Applications\BLE\BLE_p2pServer_ota\EWARM\BLE_p2pServer_ota\Obj\Drivers\STM32WBAxx_HAL_Driver\stm32wbaxx_hal_crc.o"
#        "C:\Users\marciasm\OneDrive -
#        STMicroelectronics\Documents\GitHub\STM32CubeWBA\Projects\NUCLEO-WBA52CG\Applications\BLE\BLE_p2pServer_ota\EWARM\BLE_p2pServer_ota\Obj\Drivers\STM32WBAxx_HAL_Driver\stm32wbaxx_hal_crc_ex.o"
#        "C:\Users\marciasm\OneDrive -
#        STMicroelectronics\Documents\GitHub\STM32CubeWBA\Projects\NUCLEO-WBA52CG\Applications\BLE\BLE_p2pServer_ota\EWARM\BLE_p2pServer_ota\Obj\Drivers\STM32WBAxx_HAL_Driver\stm32wbaxx_hal_dma.o"
#        "C:\Users\marciasm\OneDrive -
#        STMicroelectronics\Documents\GitHub\STM32CubeWBA\Projects\NUCLEO-WBA52CG\Applications\BLE\BLE_p2pServer_ota\EWARM\BLE_p2pServer_ota\Obj\Drivers\STM32WBAxx_HAL_Driver\stm32wbaxx_hal_dma_ex.o"
#        "C:\Users\marciasm\OneDrive -
#        STMicroelectronics\Documents\GitHub\STM32CubeWBA\Projects\NUCLEO-WBA52CG\Applications\BLE\BLE_p2pServer_ota\EWARM\BLE_p2pServer_ota\Obj\Drivers\STM32WBAxx_HAL_Driver\stm32wbaxx_hal_exti.o"
#        "C:\Users\marciasm\OneDrive -
#        STMicroelectronics\Documents\GitHub\STM32CubeWBA\Projects\NUCLEO-WBA52CG\Applications\BLE\BLE_p2pServer_ota\EWARM\BLE_p2pServer_ota\Obj\Drivers\STM32WBAxx_HAL_Driver\stm32wbaxx_hal_flash.o"
#        "C:\Users\marciasm\OneDrive -
#        STMicroelectronics\Documents\GitHub\STM32CubeWBA\Projects\NUCLEO-WBA52CG\Applications\BLE\BLE_p2pServer_ota\EWARM\BLE_p2pServer_ota\Obj\Drivers\STM32WBAxx_HAL_Driver\stm32wbaxx_hal_flash_ex.o"
#        "C:\Users\marciasm\OneDrive -
#        STMicroelectronics\Documents\GitHub\STM32CubeWBA\Projects\NUCLEO-WBA52CG\Applications\BLE\BLE_p2pServer_ota\EWARM\BLE_p2pServer_ota\Obj\Drivers\STM32WBAxx_HAL_Driver\stm32wbaxx_hal_gpio.o"
#        "C:\Users\marciasm\OneDrive -
#        STMicroelectronics\Documents\GitHub\STM32CubeWBA\Projects\NUCLEO-WBA52CG\Applications\BLE\BLE_p2pServer_ota\EWARM\BLE_p2pServer_ota\Obj\Drivers\STM32WBAxx_HAL_Driver\stm32wbaxx_hal_gtzc.o"
#        "C:\Users\marciasm\OneDrive -
#        STMicroelectronics\Documents\GitHub\STM32CubeWBA\Projects\NUCLEO-WBA52CG\Applications\BLE\BLE_p2pServer_ota\EWARM\BLE_p2pServer_ota\Obj\Drivers\STM32WBAxx_HAL_Driver\stm32wbaxx_hal_hsem.o"
#        "C:\Users\marciasm\OneDrive -
#        STMicroelectronics\Documents\GitHub\STM32CubeWBA\Projects\NUCLEO-WBA52CG\Applications\BLE\BLE_p2pServer_ota\EWARM\BLE_p2pServer_ota\Obj\Drivers\STM32WBAxx_HAL_Driver\stm32wbaxx_hal_i2c.o"
#        "C:\Users\marciasm\OneDrive -
#        STMicroelectronics\Documents\GitHub\STM32CubeWBA\Projects\NUCLEO-WBA52CG\Applications\BLE\BLE_p2pServer_ota\EWARM\BLE_p2pServer_ota\Obj\Drivers\STM32WBAxx_HAL_Driver\stm32wbaxx_hal_i2c_ex.o"
#        "C:\Users\marciasm\OneDrive -
#        STMicroelectronics\Documents\GitHub\STM32CubeWBA\Projects\NUCLEO-WBA52CG\Applications\BLE\BLE_p2pServer_ota\EWARM\BLE_p2pServer_ota\Obj\Drivers\STM32WBAxx_HAL_Driver\stm32wbaxx_hal_icache.o"
#        "C:\Users\marciasm\OneDrive -
#        STMicroelectronics\Documents\GitHub\STM32CubeWBA\Projects\NUCLEO-WBA52CG\Applications\BLE\BLE_p2pServer_ota\EWARM\BLE_p2pServer_ota\Obj\Application\User\Core\stm32wbaxx_hal_msp.o"
#        "C:\Users\marciasm\OneDrive -
#        STMicroelectronics\Documents\GitHub\STM32CubeWBA\Projects\NUCLEO-WBA52CG\Applications\BLE\BLE_p2pServer_ota\EWARM\BLE_p2pServer_ota\Obj\Drivers\STM32WBAxx_HAL_Driver\stm32wbaxx_hal_pwr.o"
#        "C:\Users\marciasm\OneDrive -
#        STMicroelectronics\Documents\GitHub\STM32CubeWBA\Projects\NUCLEO-WBA52CG\Applications\BLE\BLE_p2pServer_ota\EWARM\BLE_p2pServer_ota\Obj\Drivers\STM32WBAxx_HAL_Driver\stm32wbaxx_hal_pwr_ex.o"
#        "C:\Users\marciasm\OneDrive -
#        STMicroelectronics\Documents\GitHub\STM32CubeWBA\Projects\NUCLEO-WBA52CG\Applications\BLE\BLE_p2pServer_ota\EWARM\BLE_p2pServer_ota\Obj\Drivers\STM32WBAxx_HAL_Driver\stm32wbaxx_hal_ramcfg.o"
#        "C:\Users\marciasm\OneDrive -
#        STMicroelectronics\Documents\GitHub\STM32CubeWBA\Projects\NUCLEO-WBA52CG\Applications\BLE\BLE_p2pServer_ota\EWARM\BLE_p2pServer_ota\Obj\Drivers\STM32WBAxx_HAL_Driver\stm32wbaxx_hal_rcc.o"
#        "C:\Users\marciasm\OneDrive -
#        STMicroelectronics\Documents\GitHub\STM32CubeWBA\Projects\NUCLEO-WBA52CG\Applications\BLE\BLE_p2pServer_ota\EWARM\BLE_p2pServer_ota\Obj\Drivers\STM32WBAxx_HAL_Driver\stm32wbaxx_hal_rcc_ex.o"
#        "C:\Users\marciasm\OneDrive -
#        STMicroelectronics\Documents\GitHub\STM32CubeWBA\Projects\NUCLEO-WBA52CG\Applications\BLE\BLE_p2pServer_ota\EWARM\BLE_p2pServer_ota\Obj\Drivers\STM32WBAxx_HAL_Driver\stm32wbaxx_hal_rng.o"
#        "C:\Users\marciasm\OneDrive -
#        STMicroelectronics\Documents\GitHub\STM32CubeWBA\Projects\NUCLEO-WBA52CG\Applications\BLE\BLE_p2pServer_ota\EWARM\BLE_p2pServer_ota\Obj\Drivers\STM32WBAxx_HAL_Driver\stm32wbaxx_hal_rng_ex.o"
#        "C:\Users\marciasm\OneDrive -
#        STMicroelectronics\Documents\GitHub\STM32CubeWBA\Projects\NUCLEO-WBA52CG\Applications\BLE\BLE_p2pServer_ota\EWARM\BLE_p2pServer_ota\Obj\Drivers\STM32WBAxx_HAL_Driver\stm32wbaxx_hal_rtc.o"
#        "C:\Users\marciasm\OneDrive -
#        STMicroelectronics\Documents\GitHub\STM32CubeWBA\Projects\NUCLEO-WBA52CG\Applications\BLE\BLE_p2pServer_ota\EWARM\BLE_p2pServer_ota\Obj\Drivers\STM32WBAxx_HAL_Driver\stm32wbaxx_hal_rtc_ex.o"
#        "C:\Users\marciasm\OneDrive -
#        STMicroelectronics\Documents\GitHub\STM32CubeWBA\Projects\NUCLEO-WBA52CG\Applications\BLE\BLE_p2pServer_ota\EWARM\BLE_p2pServer_ota\Obj\Drivers\STM32WBAxx_HAL_Driver\stm32wbaxx_hal_uart.o"
#        "C:\Users\marciasm\OneDrive -
#        STMicroelectronics\Documents\GitHub\STM32CubeWBA\Projects\NUCLEO-WBA52CG\Applications\BLE\BLE_p2pServer_ota\EWARM\BLE_p2pServer_ota\Obj\Drivers\STM32WBAxx_HAL_Driver\stm32wbaxx_hal_uart_ex.o"
#        "C:\Users\marciasm\OneDrive -
#        STMicroelectronics\Documents\GitHub\STM32CubeWBA\Projects\NUCLEO-WBA52CG\Applications\BLE\BLE_p2pServer_ota\EWARM\BLE_p2pServer_ota\Obj\Application\User\Core\stm32wbaxx_it.o"
#        "C:\Users\marciasm\OneDrive -
#        STMicroelectronics\Documents\GitHub\STM32CubeWBA\Projects\NUCLEO-WBA52CG\Applications\BLE\BLE_p2pServer_ota\EWARM\BLE_p2pServer_ota\Obj\Drivers\BSP\STM32WBAxx_Nucleo\stm32wbaxx_nucleo.o"
#        "C:\Users\marciasm\OneDrive -
#        STMicroelectronics\Documents\GitHub\STM32CubeWBA\Projects\NUCLEO-WBA52CG\Applications\BLE\BLE_p2pServer_ota\EWARM\BLE_p2pServer_ota\Obj\Application\User\System\Startup\stm32wbaxx_ResetHandler.o"
#        "C:\Users\marciasm\OneDrive -
#        STMicroelectronics\Documents\GitHub\STM32CubeWBA\Projects\NUCLEO-WBA52CG\Applications\BLE\BLE_p2pServer_ota\EWARM\BLE_p2pServer_ota\Obj\Application\User\System\Modules\stm_list.o"
#        "C:\Users\marciasm\OneDrive -
#        STMicroelectronics\Documents\GitHub\STM32CubeWBA\Projects\NUCLEO-WBA52CG\Applications\BLE\BLE_p2pServer_ota\EWARM\BLE_p2pServer_ota\Obj\Middlewares\STM32_WPAN\ble\svc\svc_ctl.o"
#        "C:\Users\marciasm\OneDrive -
#        STMicroelectronics\Documents\GitHub\STM32CubeWBA\Projects\NUCLEO-WBA52CG\Applications\BLE\BLE_p2pServer_ota\EWARM\BLE_p2pServer_ota\Obj\Drivers\CMSIS\system_stm32wbaxx.o"
#        "C:\Users\marciasm\OneDrive -
#        STMicroelectronics\Documents\GitHub\STM32CubeWBA\Projects\NUCLEO-WBA52CG\Applications\BLE\BLE_p2pServer_ota\EWARM\BLE_p2pServer_ota\Obj\Application\User\System\Interfaces\timer_if.o"
#        "C:\Users\marciasm\OneDrive -
#        STMicroelectronics\Documents\GitHub\STM32CubeWBA\Projects\NUCLEO-WBA52CG\Applications\BLE\BLE_p2pServer_ota\EWARM\BLE_p2pServer_ota\Obj\Application\User\System\Interfaces\usart_if.o"
#        --redirect _Printf=_PrintfFullNoMb --redirect _Scanf=_ScanfFullNoMb
#        --no_out_extension -o "C:\Users\marciasm\OneDrive -
#        STMicroelectronics\Documents\GitHub\STM32CubeWBA\Projects\NUCLEO-WBA52CG\Applications\BLE\BLE_p2pServer_ota\EWARM\BLE_p2pServer_ota\Exe\BLE_p2pServer_ota.out"
#        --map "C:\Users\marciasm\OneDrive -
#        STMicroelectronics\Documents\GitHub\STM32CubeWBA\Projects\NUCLEO-WBA52CG\Applications\BLE\BLE_p2pServer_ota\EWARM\BLE_p2pServer_ota\List\BLE_p2pServer_ota.map"
#        --config "C:\Users\marciasm\OneDrive -
#        STMicroelectronics\Documents\GitHub\STM32CubeWBA\Projects\NUCLEO-WBA52CG\Applications\BLE\BLE_p2pServer_ota\EWARM/stm32wba52xx_flash.icf"
#        --semihosting --entry __iar_program_start --vfe --text_out locale)
#
###############################################################################

*******************************************************************************
*** RUNTIME MODEL ATTRIBUTES
***

CppFlavor       = *
__CPP_Runtime   = 1
__SystemLibrary = DLib
__dlib_version  = 6


*******************************************************************************
*** HEAP SELECTION
***

The basic heap was selected because no calls to memory allocation
functions were found in the application outside of system library
functions, and there are calls to deallocation functions in the
application.


*******************************************************************************
*** PLACEMENT SUMMARY
***

"A0":  place at address 0x800'4000 { ro section .intvec };
"P1":  place in [from 0x800'4158 to 0x800'415c] { section TAG_OTA_START };
"P2":  place in [from 0x800'4000 to 0x80f'bfff] {
          ro, last section TAG_OTA_END };
define block CSTACK with size = 4K, alignment = 8 { };
define block HEAP with size = 12K, alignment = 8 { };
"P4":  place in [from 0x2000'0008 to 0x2000'ffff] { block CSTACK, block HEAP };
"P6":  place in [from 0x2000'0008 to 0x2000'ffff] |
                [from 0x2001'0000 to 0x2001'ffff] { rw };
initialize by copy { rw };
keep { section TAG_OTA_START };
keep { section TAG_OTA_END };

  Section            Kind         Address      Size  Object
  -------            ----         -------      ----  ------
"A0":                                         0x158
  .intvec            ro code   0x800'4000     0x158  startup_stm32wba52xx.o [1]
                             - 0x800'4158     0x158

"P1":                                           0x4
  TAG_OTA_START      const     0x800'4158       0x4  app_ble.o [3]
                             - 0x800'415c       0x4

"P2":                                      0x4'5b58
  .rodata            const     0x800'4160      0x70  evnt_schdlr.o [20]
  .rodata            const     0x800'41d0      0x48  evnt_schdlr.o [20]
  .rodata            const     0x800'4218     0x768  app_ble.o [3]
  .rodata            const     0x800'4980     0x914  app_ble.o [3]
  .rodata            const     0x800'5294      0xfc  app_ble.o [3]
  .rodata            const     0x800'5390      0xac  linklayer_plat.o [4]
  .rodata            const     0x800'543c      0x74  ota.o [3]
  .rodata            const     0x800'54b0     0x1e0  ota.o [3]
  .rodata            const     0x800'5690     0x184  ota.o [3]
  .rodata            const     0x800'5814     0x258  ota_app.o [3]
  .rodata            const     0x800'5a6c      0x98  p2p_server.o [3]
  .rodata            const     0x800'5b04     0x174  p2p_server.o [3]
  .rodata            const     0x800'5c78     0x104  p2p_server.o [3]
  .rodata            const     0x800'5d7c     0x108  p2p_server_app.o [3]
  .rodata            const     0x800'5e84      0x88  p2p_server_app.o [3]
  .rodata            const     0x800'5f0c      0x7c  power_table.o [4]
  .rodata            const     0x800'5f88       0x8  power_table.o [4]
  .rodata            const     0x800'5f90      0x98  RTDebug.o [11]
  .rodata            const     0x800'6028      0x88  stm32wbaxx_hal_adc.o [16]
  .rodata            const     0x800'60b0      0x88  stm32wbaxx_hal_cortex.o [16]
  .rodata            const     0x800'6138      0x88  stm32wbaxx_hal_crc.o [16]
  .rodata            const     0x800'61c0      0x88  stm32wbaxx_hal_crc_ex.o [16]
  .rodata            const     0x800'6248      0x88  stm32wbaxx_hal_dma.o [16]
  .rodata            const     0x800'62d0      0x88  stm32wbaxx_hal_exti.o [16]
  .rodata            const     0x800'6358      0x88  stm32wbaxx_hal_flash.o [16]
  .rodata            const     0x800'63e0      0x8c  stm32wbaxx_hal_flash_ex.o [16]
  .rodata            const     0x800'646c      0x88  stm32wbaxx_hal_gpio.o [16]
  .rodata            const     0x800'64f4      0x88  stm32wbaxx_hal_icache.o [16]
  .rodata            const     0x800'657c      0x88  stm32wbaxx_hal_pwr.o [16]
  .rodata            const     0x800'6604      0x88  stm32wbaxx_hal_pwr_ex.o [16]
  .rodata            const     0x800'668c      0x88  stm32wbaxx_hal_ramcfg.o [16]
  .rodata            const     0x800'6714      0x88  stm32wbaxx_hal_rcc.o [16]
  .rodata            const     0x800'679c      0x88  stm32wbaxx_hal_rcc_ex.o [16]
  .rodata            const     0x800'6824      0x88  stm32wbaxx_hal_rng.o [16]
  .rodata            const     0x800'68ac      0x88  stm32wbaxx_hal_rtc.o [16]
  .rodata            const     0x800'6934      0x88  stm32wbaxx_hal_rtc_ex.o [16]
  .rodata            const     0x800'69bc      0x88  stm32wbaxx_hal_uart.o [16]
  .rodata            const     0x800'6a44      0x8c  stm32wbaxx_hal_uart_ex.o [16]
  .rodata            const     0x800'6ad0       0x8  system_stm32wbaxx.o [15]
  .rodata            const     0x800'6ad8      0x2c  timer_if.o [6]
  .rodata            const     0x800'6b04      0x10  usart_if.o [6]
  .rodata            const     0x800'6b14      0x2c  ll_intf.o [20]
  .rodata            const     0x800'6b40      0x40  le_ctrl_pka.o [25]
  .rodata            const     0x800'6b80      0xb0  hci.o [20]
  .rodata            const     0x800'6c30       0x4  evnt_schdlr.o [20]
  .rodata            const     0x800'6c34      0x38  sm_algo.o [25]
  .rodata            const     0x800'6c6c     0x138  le_ctrl_events.o [25]
  .rodata            const     0x800'6da4      0x30  llhwc_cmn.o [20]
  .rodata            const     0x800'6dd4      0x28  llcp_mngr.o [20]
  .rodata            const     0x800'6dfc      0x54  llhwc.o [20]
  .rodata            const     0x800'6e50      0x54  llhwc.o [20]
  .rodata            const     0x800'6ea4      0x60  llhwc.o [20]
  .rodata            const     0x800'6f04      0x54  multi_role_greedy.o [20]
  .rodata            const     0x800'6f58      0x10  llhwc_phy_sequences_40nm_2_12_a_A1.o [20]
  .rodata            const     0x800'6f68       0xc  llhwc_phy_sequences_40nm_2_12_a_A1.o [20]
  .rodata            const     0x800'6f74       0xc  llhwc_phy_sequences_40nm_2_12_a_A1.o [20]
  .rodata            const     0x800'6f80       0xc  llhwc_phy_sequences_40nm_2_12_a_A1.o [20]
  .rodata            const     0x800'6f8c       0x8  llhwc_phy_sequences_40nm_2_12_a_A1.o [20]
  .rodata            const     0x800'6f94       0x4  llhwc_phy_sequences_40nm_2_12_a_A1.o [20]
  .rodata            const     0x800'6f98      0xac  llhwc_phy_sequences_40nm_2_12_a_A1.o [20]
  .rodata            const     0x800'7044      0x58  llhwc_phy_sequences_40nm_2_12_a_A1.o [20]
  .rodata            const     0x800'709c       0x4  llhwc_phy_sequences_40nm_2_12_a_A1.o [20]
  .rodata            const     0x800'70a0      0xa8  llhwc_phy_sequences_40nm_2_12_a_A1.o [20]
  .rodata            const     0x800'7148       0x8  llhwc_phy_sequences_40nm_2_12_a_A1.o [20]
  .rodata            const     0x800'7150       0x8  llhwc_phy_sequences_40nm_2_12_a_A1.o [20]
  .rodata            const     0x800'7158       0x4  llhwc_phy_sequences_40nm_2_12_a_A1.o [20]
  .rodata            const     0x800'715c       0xc  llhwc_phy_sequences_40nm_2_12_a_A1.o [20]
  .rodata            const     0x800'7168       0x4  llhwc_phy_sequences_40nm_2_12_a_A1.o [20]
  .rodata            const     0x800'716c       0x4  llhwc_phy_sequences_40nm_2_12_a_A1.o [20]
  .rodata            const     0x800'7170       0x4  llhwc_phy_sequences_40nm_2_12_a_A1.o [20]
  .rodata            const     0x800'7174       0x4  llhwc_phy_sequences_40nm_2_12_a_A1.o [20]
  .rodata            const     0x800'7178       0x4  llhwc_phy_sequences_40nm_2_12_a_A1.o [20]
  .rodata            const     0x800'717c       0x4  llhwc_phy_sequences_40nm_2_12_a_A1.o [20]
  .rodata            const     0x800'7180       0x4  llhwc_phy_sequences_40nm_2_12_a_A1.o [20]
  .rodata            const     0x800'7184       0x4  llhwc_phy_sequences_40nm_2_12_a_A1.o [20]
  .rodata            const     0x800'7188       0x4  llhwc_phy_sequences_40nm_2_12_a_A1.o [20]
  .rodata            const     0x800'718c       0x4  llhwc_phy_sequences_40nm_2_12_a_A1.o [20]
  .rodata            const     0x800'7190       0x4  llhwc_phy_sequences_40nm_2_12_a_A1.o [20]
  .rodata            const     0x800'7194       0x4  llhwc_phy_sequences_40nm_2_12_a_A1.o [20]
  .rodata            const     0x800'7198       0x4  llhwc_phy_sequences_40nm_2_12_a_A1.o [20]
  .rodata            const     0x800'719c       0x4  llhwc_phy_sequences_40nm_2_12_a_A1.o [20]
  .rodata            const     0x800'71a0       0x4  llhwc_phy_sequences_40nm_2_12_a_A1.o [20]
  .rodata            const     0x800'71a4       0x4  llhwc_phy_sequences_40nm_2_12_a_A1.o [20]
  .rodata            const     0x800'71a8       0x4  llhwc_phy_sequences_40nm_2_12_a_A1.o [20]
  .rodata            const     0x800'71ac       0x4  llhwc_phy_sequences_40nm_2_12_a_A1.o [20]
  .rodata            const     0x800'71b0       0x4  llhwc_phy_sequences_40nm_2_12_a_A1.o [20]
  .rodata            const     0x800'71b4       0x4  llhwc_phy_sequences_40nm_2_12_a_A1.o [20]
  .rodata            const     0x800'71b8       0x4  llhwc_phy_sequences_40nm_2_12_a_A1.o [20]
  .rodata            const     0x800'71bc       0x4  llhwc_phy_sequences_40nm_2_12_a_A1.o [20]
  .rodata            const     0x800'71c0       0x4  llhwc_phy_sequences_40nm_2_12_a_A1.o [20]
  .rodata            const     0x800'71c4       0x4  llhwc_phy_sequences_40nm_2_12_a_A1.o [20]
  .rodata            const     0x800'71c8       0x4  llhwc_phy_sequences_40nm_2_12_a_A1.o [20]
  .rodata            const     0x800'71cc       0x4  llhwc_phy_sequences_40nm_2_12_a_A1.o [20]
  .rodata            const     0x800'71d0       0x4  llhwc_phy_sequences_40nm_2_12_a_A1.o [20]
  .rodata            const     0x800'71d4       0x4  llhwc_phy_sequences_40nm_2_12_a_A1.o [20]
  .rodata            const     0x800'71d8       0x4  llhwc_phy_sequences_40nm_2_12_a_A1.o [20]
  .rodata            const     0x800'71dc       0x4  llhwc_phy_sequences_40nm_2_12_a_A1.o [20]
  .rodata            const     0x800'71e0       0x4  llhwc_phy_sequences_40nm_2_12_a_A1.o [20]
  .rodata            const     0x800'71e4       0x4  llhwc_phy_sequences_40nm_2_12_a_A1.o [20]
  .rodata            const     0x800'71e8       0x4  llhwc_phy_sequences_40nm_2_12_a_A1.o [20]
  .rodata            const     0x800'71ec       0x4  llhwc_phy_sequences_40nm_2_12_a_A1.o [20]
  .rodata            const     0x800'71f0       0x4  llhwc_phy_sequences_40nm_2_12_a_A1.o [20]
  .rodata            const     0x800'71f4       0x4  llhwc_phy_sequences_40nm_2_12_a_A1.o [20]
  .rodata            const     0x800'71f8       0x4  llhwc_phy_sequences_40nm_2_12_a_A1.o [20]
  .text              ro code   0x800'71fc     0x208  adc_ctrl.o [7]
  .text              ro code   0x800'7404      0xa8  RTDebug.o [11]
  .text              ro code   0x800'74ac     0x3d2  main.o [2]
  .rodata            const     0x800'787e       0x2  xlocale_c.o [21]
  .text              ro code   0x800'7880     0x3bc  stm32wbaxx_hal_gpio.o [16]
  .text              ro code   0x800'7c3c      0x30  stm32wbaxx_hal.o [16]
  .text              ro code   0x800'7c6c     0x330  app_entry.o [2]
  .text              ro code   0x800'7f9c     0x168  stm32wbaxx_hal_cortex.o [16]
  .text              ro code   0x800'8104     0x810  stm32wbaxx_hal_adc.o [16]
  .text              ro code   0x800'8914       0x6  ABImemclr4.o [23]
  .text              ro code   0x800'891a       0x2  stm32wbaxx_hal_uart.o [16]
  .text              ro code   0x800'891c     0x11c  stm32wbaxx_hal_pwr_ex.o [16]
  .text              ro code   0x800'8a38     0x1f0  stm32wbaxx_hal_pwr.o [16]
  .text              ro code   0x800'8c28     0xa0c  stm32wbaxx_hal_rcc.o [16]
  .text              ro code   0x800'9634     0x3e8  stm32wbaxx_hal_rcc_ex.o [16]
  .text              ro code   0x800'9a1c      0x50  stm32wbaxx_hal_icache.o [16]
  .text              ro code   0x800'9a6c      0xfc  stm32wbaxx_hal_ramcfg.o [16]
  .text              ro code   0x800'9b68     0x174  stm32wbaxx_hal_rng.o [16]
  .text              ro code   0x800'9cdc     0x20c  hw_rng.o [6]
  .text              ro code   0x800'9ee8     0x75a  stm32wbaxx_hal_rtc.o [16]
  .text              ro code   0x800'a642       0x2  stm32wbaxx_hal_uart.o [16]
  .text              ro code   0x800'a644     0x154  stm32wbaxx_hal_rtc_ex.o [16]
  .text              ro code   0x800'a798    0x149c  stm32wbaxx_hal_uart.o [16]
  .text              ro code   0x800'bc34     0x1ec  stm32wbaxx_hal_uart_ex.o [16]
  .text              ro code   0x800'be20      0xc9  app_debug.o [5]
  .text              ro code   0x800'beea       0x2  stm32wbaxx_hal_uart.o [16]
  .text              ro code   0x800'beec     0x1c8  stm32wbaxx_nucleo.o [14]
  .text              ro code   0x800'c0b4     0x164  system_stm32wbaxx.o [15]
  .text              ro code   0x800'c218      0x44  stm32wbaxx_hal.o [16]
  .text              ro code   0x800'c25c     0x328  stm32wbaxx_hal_msp.o [2]
  .text              ro code   0x800'c584      0x30  otp.o [7]
  .text              ro code   0x800'c5b4     0x238  stm32_timer.o [19]
  .text              ro code   0x800'c7ec     0x274  stm32_adv_trace.o [19]
  .text              ro code   0x800'ca60     0x4dc  scm.o [7]
  .text              ro code   0x800'cf3c      0x3c  stm32_lpm.o [19]
  .text              ro code   0x800'cf78     0x308  advanced_memory_manager.o [9]
  .text              ro code   0x800'd280     0x1e0  stm32_seq.o [19]
  .text              ro code   0x800'd460     0x9f0  simple_nvm_arbiter.o [8]
  .text              ro code   0x800'de50     0x228  usart_if.o [6]
  .text              ro code   0x800'e078     0x146  bpka.o [4]
  .text              ro code   0x800'e1be       0x2  stm32wbaxx_hal_uart.o [16]
  .text              ro code   0x800'e1c0      0x94  flash_driver.o [8]
  .text              ro code   0x800'e254     0xf4c  app_ble.o [3]
  .text              ro code   0x800'f1a0      0x72  ll_sys_if.o [4]
  .text              ro code   0x800'f212       0x2  stm32wbaxx_hal_uart.o [16]
  .text              ro code   0x800'f214     0x140  stm32_mm.o [9]
  .text              ro code   0x800'f354      0x12  strcmp.o [23]
  .text              ro code   0x800'f366       0x2  stm32wbaxx_hal_uart.o [16]
  .text              ro code   0x800'f368     0x138  stm32wbaxx_hal_exti.o [16]
  .text              ro code   0x800'f4a0       0xc  stm32wbaxx_hal.o [16]
  .text              ro code   0x800'f4ac      0x3a  ABImemset48.o [23]
  .text              ro code   0x800'f4e6       0x2  stm32wbaxx_hal_uart.o [16]
  .text              ro code   0x800'f4e8      0x28  stm32wbaxx_hal.o [16]
  .text              ro code   0x800'f510       0x2  stm32wbaxx_hal_rng.o [16]
  .text              ro code   0x800'f512       0x2  stm32wbaxx_hal_rng.o [16]
  .text              ro code   0x800'f514      0x18  hw_rng.o [6]
  .text              ro code   0x800'f52c     0x11a  timer_if.o [6]
  .text              ro code   0x800'f646       0x2  stm32wbaxx_hal_rtc_ex.o [16]
  .text              ro code   0x800'f648      0xd4  stm32wbaxx_hal_dma_ex.o [16]
  .text              ro code   0x800'f71c     0x70c  stm32wbaxx_hal_dma.o [16]
  .text              ro code   0x800'fe28     0x230  I64DivMod.o [23]
  .text              ro code   0x801'0058       0xe  stm32_mem.o [19]
  .text              ro code   0x801'0066       0x2  stm32wbaxx_hal_uart.o [16]
  .text              ro code   0x801'0068      0x3c  vsnprint.o [21]
  .text              ro code   0x801'00a4       0x2  stm32_adv_trace.o [19]
  .text              ro code   0x801'00a6       0x2  stm32_adv_trace.o [19]
  .text              ro code   0x801'00a8      0x86  stm_list.o [7]
  .text              ro code   0x801'012e       0x6  stm32_seq.o [19]
  .text              ro code   0x801'0134     0x208  stm32wbaxx_hal_crc.o [16]
  .text              ro code   0x801'033c      0xa6  ABImemcpy.o [23]
  .text              ro code   0x801'03e2       0x2  stm32wbaxx_hal_uart.o [16]
  .text              ro code   0x801'03e4     0x2b0  flash_manager.o [8]
  .text              ro code   0x801'0694     0x1b4  stm32wbaxx_hal_flash.o [16]
  .text              ro code   0x801'0848      0xfc  stm32wbaxx_hal_flash_ex.o [16]
  .text              ro code   0x801'0944     0x108  hw_pka.o [6]
  .text              ro code   0x801'0a4c     0x248  pka_p256.o [6]
  .text              ro code   0x801'0c94      0x64  bleplat.o [4]
  .text              ro code   0x801'0cf8     0x2dc  nvm_emul.o [10]
  .text              ro code   0x801'0fd4     0x10a  blestack_main.o [25]
  .text              ro code   0x801'10de       0x2  stm32wbaxx_hal_uart_ex.o [16]
  .text              ro code   0x801'10e0     0x4dc  le_ctrl.o [25]
  .text              ro code   0x801'15bc    0x1596  gatt_server.o [25]
  .text              ro code   0x801'2b52       0x2  stm32wbaxx_hal_uart_ex.o [16]
  .text              ro code   0x801'2b54      0xb8  gap.o [25]
  .text              ro code   0x801'2c0c     0x934  smp.o [25]
  .text              ro code   0x801'3540     0x118  gap_priv.o [25]
  .text              ro code   0x801'3658      0x78  svc_ctl.o [17]
  .text              ro code   0x801'36d0     0x168  p2p_server_app.o [3]
  .text              ro code   0x801'3838     0x52c  ota_app.o [3]
  .text              ro code   0x801'3d64      0x1c  U32ToDbl.o [22]
  .text              ro code   0x801'3d80     0x1a0  l2cap_cpu.o [25]
  .text              ro code   0x801'3f20      0x44  snprintf.o [21]
  .text              ro code   0x801'3f64     0x7a0  smp_sc.o [25]
  .text              ro code   0x801'4704     0x1aa  DblMul.o [22]
  .text              ro code   0x801'48ae       0x2  le_ctrl_weak.o [25]
  .text              ro code   0x801'48b0     0x460  gap_adv.o [25]
  .text              ro code   0x801'4d10      0x10  host_stack_if.o [4]
  .text              ro code   0x801'4d20     0x848  ll_intf.o [20]
  .text              ro code   0x801'5568       0x2  I64DivZer.o [23]
  .text              ro code   0x801'556a      0x1a  xsnprout.o [21]
  .text              ro code   0x801'5584      0x66  ABImemset.o [23]
  .rodata            const     0x801'55ea       0x1  power_table.o [4]
  .rodata            const     0x801'55eb       0x1  llhwc_phy_sequences_40nm_2_12_a_A1.o [20]
  .text              ro code   0x801'55ec     0xf2e  xprintffull_nomb.o [21]
  .rodata            const     0x801'651a       0x1  llhwc_phy_sequences_40nm_2_12_a_A1.o [20]
  .rodata            const     0x801'651b       0x1  llhwc_phy_sequences_40nm_2_12_a_A1.o [20]
  .text              ro code   0x801'651c      0x7c  stm32wbaxx_hal_crc_ex.o [16]
  .text              ro code   0x801'6598      0xfc  rf_timing_synchro.o [8]
  .text              ro code   0x801'6694      0x62  baes_ecb.o [12]
  .rodata            const     0x801'66f6       0x1  llhwc_phy_sequences_40nm_2_12_a_A1.o [20]
  .rodata            const     0x801'66f7       0x1  llhwc_phy_sequences_40nm_2_12_a_A1.o [20]
  .text              ro code   0x801'66f8      0xcc  ble_timer.o [7]
  .text              ro code   0x801'67c4     0x17c  baes_cmac.o [12]
  .text              ro code   0x801'6940     0x1c8  le_ctrl_pka.o [25]
  .text              ro code   0x801'6b08      0x96  ABImemmove.o [23]
  .rodata            const     0x801'6b9e       0x1  llhwc_phy_sequences_40nm_2_12_a_A1.o [20]
  .rodata            const     0x801'6b9f       0x1  llhwc_phy_sequences_40nm_2_12_a_A1.o [20]
  .text              ro code   0x801'6ba0      0x68  memcmp.o [23]
  .text              ro code   0x801'6c08      0x4c  sleep.o [25]
  .text              ro code   0x801'6c54      0x98  config_data.o [25]
  .text              ro code   0x801'6cec      0x30  acl.o [25]
  .text              ro code   0x801'6d1c     0xa78  gatt.o [25]
  .text              ro code   0x801'7794     0x49c  l2cap.o [25]
  .text              ro code   0x801'7c30     0x476  host_srv_events.o [25]
  .rodata            const     0x801'80a6       0x1  llhwc_phy_sequences_40nm_2_12_a_A1.o [20]
  .rodata            const     0x801'80a7       0x1  llhwc_phy_sequences_40nm_2_12_a_A1.o [20]
  .text              ro code   0x801'80a8      0x6a  gap_proc.o [25]
  .rodata            const     0x801'8112       0x1  llhwc_phy_sequences_40nm_2_12_a_A1.o [20]
  .rodata            const     0x801'8113       0x1  llhwc_phy_sequences_40nm_2_12_a_A1.o [20]
  .text              ro code   0x801'8114      0x38  ll_sys_startup.o [18]
  .text              ro code   0x801'814c      0x66  circlist.o [25]
  .text              ro code   0x801'81b2     0x1e4  mem_utils.o [20]
  .text              ro code   0x801'8396       0x4  le_ctrl_weak.o [25]
  .text              ro code   0x801'839a      0x14  ll_mem_intf.o [20]
  .rodata            const     0x801'83ae       0x1  xlocale_c.o [21]
  .text              ro code   0x801'83b0     0x28c  acl_pm.o [25]
  .text              ro code   0x801'863c      0xbe  acl_list.o [25]
  .text              ro code   0x801'86fc       0x6  ABImemclr.o [23]
  .text              ro code   0x801'8704    0x19ac  gatt_server_att.o [25]
  .text              ro code   0x801'a0b0     0x7d4  gatt_server_sdb.o [25]
  .text              ro code   0x801'a884     0x1dc  gatt_server_gap.o [25]
  .text              ro code   0x801'aa60      0x6a  stack_utils.o [25]
  .text              ro code   0x801'aacc    0x1bc0  smp_pair.o [25]
  .text              ro code   0x801'c68c     0x352  sdb.o [25]
  .text              ro code   0x801'c9e0     0x54c  sm_algo.o [25]
  .text              ro code   0x801'cf2c      0xba  random_addr.o [25]
  .text              ro code   0x801'cfe8     0x2cc  p2p_server.o [3]
  .text              ro code   0x801'd2b4     0x3b6  ota.o [3]
  .text              ro code   0x801'd66a      0x14  memset.o [23]
  .text              ro code   0x801'd680      0x2c  sys.o [20]
  .text              ro code   0x801'd6ac    0x18f4  hci.o [20]
  .text              ro code   0x801'efa0    0x65d0  llhwc.o [20]
  .text              ro code   0x802'5570      0x9e  bsp.o [20]
  .text              ro code   0x802'5610     0x1b4  ble_mem_cfg.o [20]
  .text              ro code   0x802'57c4     0x3ac  database.o [20]
  .text              ro code   0x802'5b70    0x114e  non_conn_mngr.o [20]
  .text              ro code   0x802'6cc0    0x1d30  adv_ext_mngr_scn.o [20]
  .text              ro code   0x802'89f0     0xb56  adv_ext_mngr_adv.o [20]
  .text              ro code   0x802'9548     0xd94  prvcy_mngr.o [20]
  .text              ro code   0x802'a2dc    0x2090  conn_mngr.o [20]
  .text              ro code   0x802'c36c    0x2b00  cis_iso_mngr.o [20]
  .text              ro code   0x802'ee6c     0xb74  bis_iso_mngr.o [20]
  .text              ro code   0x802'f9e0    0x34d0  evnt_schdlr.o [20]
  .text              ro code   0x803'2eb0    0x1690  llhwc_cmn.o [20]
  .text              ro code   0x803'4540     0x180  state_mngr.o [20]
  .text              ro code   0x803'46c0     0x370  event_manager.o [20]
  .text              ro code   0x803'4a30    0x4100  llcp_mngr.o [20]
  .text              ro code   0x803'8b30     0x210  ll_tx_pwr_if.o [20]
  .text              ro code   0x803'8d40      0x2c  os_wrapper.o [20]
  .text              ro code   0x803'8d6c      0x16  strchr.o [23]
  .text              ro code   0x803'8d84      0x40  xfail_s.o [21]
  .text              ro code   0x803'8dc4      0x14  strlen_small.o [23]
  .text              ro code   0x803'8dd8      0x58  memchr.o [23]
  .text              ro code   0x803'8e30      0x70  frexp.o [22]
  .text              ro code   0x803'8ea0      0x34  DblCmpLe.o [22]
  .text              ro code   0x803'8ed4      0x34  DblCmpGe.o [22]
  .text              ro code   0x803'8f08     0x13a  ldexp.o [22]
  .text              ro code   0x803'9044      0x36  DblToS32.o [22]
  .text              ro code   0x803'907c      0x22  S32ToDbl.o [22]
  .text              ro code   0x803'90a0     0x24e  DblAddSub.o [22]
  .text              ro code   0x803'92f0     0x246  DblDiv.o [22]
  .text              ro code   0x803'9538      0x22  DblToU32.o [22]
  .text              ro code   0x803'955c       0x8  xlocale_c.o [21]
  .text              ro code   0x803'9564     0x120  hw_aes.o [6]
  .text              ro code   0x803'9684      0x30  api.o [25]
  .text              ro code   0x803'96b4      0x30  api.o [25]
  .text              ro code   0x803'96e4     0x274  gatt_eab.o [25]
  .text              ro code   0x803'9958      0x6a  gatt_client.o [25]
  .text              ro code   0x803'99c4     0xa1c  l2cap_coc.o [25]
  .text              ro code   0x803'a3e0     0x37a  mem_buff.o [25]
  .text              ro code   0x803'a75a      0x40  api.o [25]
  .text              ro code   0x803'a79a      0x30  api.o [25]
  .text              ro code   0x803'a7ca      0x4a  api.o [25]
  .text              ro code   0x803'a814      0x48  api.o [25]
  .text              ro code   0x803'a85c      0x3e  api.o [25]
  .text              ro code   0x803'a89a      0x42  api.o [25]
  .text              ro code   0x803'a8dc      0x50  api.o [25]
  .text              ro code   0x803'a92c      0x46  api.o [25]
  .text              ro code   0x803'a972      0x30  api.o [25]
  .text              ro code   0x803'a9a2      0x2c  api.o [25]
  .text              ro code   0x803'a9ce      0x30  api.o [25]
  .text              ro code   0x803'a9fe      0x3e  api.o [25]
  .text              ro code   0x803'aa3c      0x28  api.o [25]
  .text              ro code   0x803'aa64      0x24  api.o [25]
  .text              ro code   0x803'aa88      0x40  api.o [25]
  .text              ro code   0x803'aac8      0x26  api.o [25]
  .text              ro code   0x803'aaee      0x32  api.o [25]
  .text              ro code   0x803'ab20      0x30  api.o [25]
  .text              ro code   0x803'ab50      0x2a  api.o [25]
  .text              ro code   0x803'ab7a      0x22  api.o [25]
  .text              ro code   0x803'ab9c      0x24  api.o [25]
  .text              ro code   0x803'abc0      0x34  api.o [25]
  .text              ro code   0x803'abf4      0x26  api.o [25]
  .text              ro code   0x803'ac1a      0x30  api.o [25]
  .text              ro code   0x803'ac4a      0x36  api.o [25]
  .text              ro code   0x803'ac80      0x30  api.o [25]
  .text              ro code   0x803'acb0      0x28  api.o [25]
  .text              ro code   0x803'acd8      0x34  api.o [25]
  .text              ro code   0x803'ad0c      0x48  api.o [25]
  .text              ro code   0x803'ad54      0x42  api.o [25]
  .text              ro code   0x803'ad96      0x46  api.o [25]
  .text              ro code   0x803'addc      0x30  api.o [25]
  .text              ro code   0x803'ae0c      0x3e  api.o [25]
  .text              ro code   0x803'ae4a      0x48  api.o [25]
  .text              ro code   0x803'ae92      0x4a  api.o [25]
  .text              ro code   0x803'aedc      0x4a  api.o [25]
  .text              ro code   0x803'af26      0x48  api.o [25]
  .text              ro code   0x803'af6e      0x48  api.o [25]
  .text              ro code   0x803'afb8      0x68  ll_sys_dp_slp.o [18]
  .text              ro code   0x803'b020      0x86  ll_sys_intf.o [18]
  .text              ro code   0x803'b0a8     0x134  mem_manager.o [20]
  .text              ro code   0x803'b1dc      0x5c  mem_cfg.o [20]
  .text              ro code   0x803'b238      0x36  scheduling_intf.o [20]
  .text              ro code   0x803'b270      0x94  pkt_mem_if.o [20]
  .text              ro code   0x803'b304      0x22  I64Shl.o [23]
  .text              ro code   0x803'b328    0x40f0  multi_role_greedy.o [20]
  .text              ro code   0x803'f418    0x1084  llhwc_phy.o [20]
  .text              ro code   0x804'049c    0x269c  evnt_utils.o [20]
  .text              ro code   0x804'2b38     0x558  ll_sw_timer.o [20]
  .text              ro code   0x804'3090    0x1fbe  isoal_mngr.o [20]
  .text              ro code   0x804'5050     0x270  ble_time.o [20]
  .text              ro code   0x804'52c0      0x18  ll_sys_cs.o [18]
  .text              ro code   0x804'52d8    0x2024  pdu_trnsprt_hndlr.o [20]
  .text              ro code   0x804'72fc       0x8  critical_section.o [20]
  .text              ro code   0x804'7304     0x19c  utils.o [20]
  .text              ro code   0x804'74a0      0x20  evnt_schdlr.o [20]
  .text              ro code   0x804'74c0      0x24  adv_ext_mngr_create_conn.o [20]
  .text              ro code   0x804'74e4     0x144  ll_queue.o [20]
  .text              ro code   0x804'7628       0x6  abort.o [21]
  .text              ro code   0x804'7630      0x10  api.o [25]
  .text              ro code   0x804'7640      0x12  gatt_client_att.o [25]
  .text              ro code   0x804'7654     0x228  linklayer_plat.o [4]
  .text              ro code   0x804'787c      0x40  ll_sys_hclk_client.o [18]
  .text              ro code   0x804'78bc      0x58  hw_ll_timer.o [20]
  .text              ro code   0x804'7914      0x14  exit.o [24]
  .text              ro code   0x804'7928      0x58  stm32_lpm_if.o [6]
  .text              ro code   0x804'7980      0x10  stm32wbaxx_hal.o [16]
  .text              ro code   0x804'7990     0x110  stm32wbaxx_it.o [2]
  .text              ro code   0x804'7aa0      0x54  stm32wbaxx_ResetHandler.o [13]
  .text              ro code   0x804'7af4       0x2  stm32_lpm_if.o [6]
  .text              ro code   0x804'7af6       0x2  stm32_lpm_if.o [6]
  .text              ro code   0x804'7af8     0xf3c  le_ctrl_events.o [25]
  .text              ro code   0x804'8a34      0x36  api.o [25]
  .text              ro code   0x804'8a6a      0x3a  api.o [25]
  .text              ro code   0x804'8aa4      0x20  api.o [25]
  .text              ro code   0x804'8ac4      0x28  api.o [25]
  .text              ro code   0x804'8aec      0x32  api.o [25]
  .text              ro code   0x804'8b1e      0x54  api.o [25]
  .text              ro code   0x804'8b72      0x6e  api.o [25]
  .text              ro code   0x804'8be0      0x38  api.o [25]
  .text              ro code   0x804'8c18      0x38  api.o [25]
  .text              ro code   0x804'8c50      0x2a  api.o [25]
  .text              ro code   0x804'8c7a      0x36  api.o [25]
  .text              ro code   0x804'8cb0      0x38  api.o [25]
  .text              ro code   0x804'8ce8      0x32  api.o [25]
  .text              ro code   0x804'8d1c      0x64  gap_centr.o [25]
  .text              ro code   0x804'8d80      0x76  api.o [25]
  .text              ro code   0x804'8df6      0x72  api.o [25]
  .text              ro code   0x804'8e68      0x20  api.o [25]
  .text              ro code   0x804'8e88      0x28  api.o [25]
  .text              ro code   0x804'8eb0      0x24  api.o [25]
  .text              ro code   0x804'8ed4      0x20  api.o [25]
  .text              ro code   0x804'8ef4      0x36  api.o [25]
  .text              ro code   0x804'8f2a      0x40  api.o [25]
  .text              ro code   0x804'8f6a      0x40  api.o [25]
  .text              ro code   0x804'8faa      0x38  api.o [25]
  .text              ro code   0x804'8fe2      0x22  api.o [25]
  .text              ro code   0x804'9004      0x26  api.o [25]
  .text              ro code   0x804'902a      0x50  api.o [25]
  .text              ro code   0x804'907a      0x5e  api.o [25]
  .text              ro code   0x804'90d8      0x32  api.o [25]
  .text              ro code   0x804'910a      0x2e  api.o [25]
  .text              ro code   0x804'9138      0x44  api.o [25]
  .text              ro code   0x804'917c       0x2  le_ctrl_weak.o [25]
  .text              ro code   0x804'917e      0x2a  api.o [25]
  .text              ro code   0x804'91a8      0x7c  api.o [25]
  .text              ro code   0x804'9224      0x8a  api.o [25]
  .text              ro code   0x804'92ae      0x4c  api.o [25]
  .text              ro code   0x804'92fa      0x7a  api.o [25]
  .text              ro code   0x804'9374      0x92  api.o [25]
  .text              ro code   0x804'9406      0x2a  api.o [25]
  .text              ro code   0x804'9430      0x2a  api.o [25]
  .text              ro code   0x804'945a      0x6e  api.o [25]
  .text              ro code   0x804'94c8      0x62  api.o [25]
  .text              ro code   0x804'952a      0xa6  api.o [25]
  .text              ro code   0x804'95d0      0x32  api.o [25]
  .text              ro code   0x804'9602       0x2  le_ctrl_weak.o [25]
  .text              ro code   0x804'9604      0x38  api.o [25]
  .text              ro code   0x804'963c      0x1c  cstartup_M.o [23]
  .text              ro code   0x804'9658      0x22  fpinit_M.o [22]
  .text              ro code   0x804'967c      0x1e  cmain.o [23]
  .text              ro code   0x804'969a       0x4  low_level_init.o [21]
  .text              ro code   0x804'96a0      0x28  data_init.o [23]
  .text              ro code   0x804'96c8       0x2  bsp.o [20]
  .text              ro code   0x804'96ca       0x4  startup_stm32wba52xx.o [1]
  .text              ro code   0x804'96ce       0x4  startup_stm32wba52xx.o [1]
  .text              ro code   0x804'96d2       0x4  startup_stm32wba52xx.o [1]
  .text              ro code   0x804'96d6       0x4  startup_stm32wba52xx.o [1]
  .text              ro code   0x804'96da       0x4  startup_stm32wba52xx.o [1]
  .text              ro code   0x804'96de       0x4  startup_stm32wba52xx.o [1]
  .text              ro code   0x804'96e2       0x4  startup_stm32wba52xx.o [1]
  .text              ro code   0x804'96e6       0x4  startup_stm32wba52xx.o [1]
  .text              ro code   0x804'96ea       0x4  startup_stm32wba52xx.o [1]
  .text              ro code   0x804'96ee       0x4  startup_stm32wba52xx.o [1]
  .text              ro code   0x804'96f2       0x4  startup_stm32wba52xx.o [1]
  .text              ro code   0x804'96f6       0x4  startup_stm32wba52xx.o [1]
  .text              ro code   0x804'96fa       0x4  startup_stm32wba52xx.o [1]
  .text              ro code   0x804'96fe       0x4  startup_stm32wba52xx.o [1]
  .text              ro code   0x804'9702       0x4  startup_stm32wba52xx.o [1]
  .text              ro code   0x804'9706       0x4  startup_stm32wba52xx.o [1]
  .text              ro code   0x804'970a       0x4  startup_stm32wba52xx.o [1]
  .text              ro code   0x804'970e       0x4  startup_stm32wba52xx.o [1]
  .text              ro code   0x804'9712       0x4  startup_stm32wba52xx.o [1]
  .text              ro code   0x804'9716       0x4  startup_stm32wba52xx.o [1]
  .text              ro code   0x804'971a       0x4  startup_stm32wba52xx.o [1]
  .text              ro code   0x804'971e       0x4  startup_stm32wba52xx.o [1]
  .text              ro code   0x804'9722       0x4  startup_stm32wba52xx.o [1]
  .text              ro code   0x804'9726       0x4  startup_stm32wba52xx.o [1]
  .text              ro code   0x804'972a       0x4  startup_stm32wba52xx.o [1]
  .text              ro code   0x804'972e       0x4  startup_stm32wba52xx.o [1]
  .text              ro code   0x804'9732       0x4  startup_stm32wba52xx.o [1]
  .text              ro code   0x804'9736       0x4  startup_stm32wba52xx.o [1]
  .text              ro code   0x804'973a       0x4  startup_stm32wba52xx.o [1]
  .text              ro code   0x804'973e       0x4  startup_stm32wba52xx.o [1]
  .text              ro code   0x804'9742       0x4  startup_stm32wba52xx.o [1]
  .text              ro code   0x804'9746       0x4  startup_stm32wba52xx.o [1]
  .text              ro code   0x804'974a       0x4  startup_stm32wba52xx.o [1]
  .text              ro code   0x804'974e       0x4  startup_stm32wba52xx.o [1]
  .text              ro code   0x804'9752       0x4  startup_stm32wba52xx.o [1]
  .text              ro code   0x804'9756       0x4  startup_stm32wba52xx.o [1]
  .text              ro code   0x804'975a       0x4  startup_stm32wba52xx.o [1]
  .text              ro code   0x804'975e       0x4  startup_stm32wba52xx.o [1]
  .text              ro code   0x804'9762       0x4  startup_stm32wba52xx.o [1]
  .text              ro code   0x804'9766       0x4  startup_stm32wba52xx.o [1]
  .text              ro code   0x804'976a       0x4  startup_stm32wba52xx.o [1]
  .text              ro code   0x804'976e       0x4  startup_stm32wba52xx.o [1]
  .text              ro code   0x804'9772       0x4  startup_stm32wba52xx.o [1]
  .text              ro code   0x804'9776       0x4  startup_stm32wba52xx.o [1]
  .text              ro code   0x804'977a       0x4  startup_stm32wba52xx.o [1]
  .text              ro code   0x804'977e       0x4  startup_stm32wba52xx.o [1]
  .text              ro code   0x804'9782       0x4  startup_stm32wba52xx.o [1]
  .text              ro code   0x804'9786       0x4  startup_stm32wba52xx.o [1]
  .text              ro code   0x804'978a       0x4  startup_stm32wba52xx.o [1]
  .text              ro code   0x804'978e       0x4  startup_stm32wba52xx.o [1]
  .text              ro code   0x804'9792       0x4  startup_stm32wba52xx.o [1]
  .text              ro code   0x804'9796       0x4  startup_stm32wba52xx.o [1]
  .text              ro code   0x804'979a       0x4  startup_stm32wba52xx.o [1]
  .text              ro code   0x804'979e       0x4  startup_stm32wba52xx.o [1]
  .text              ro code   0x804'97a2       0x4  startup_stm32wba52xx.o [1]
  .text              ro code   0x804'97a6       0x4  startup_stm32wba52xx.o [1]
  .text              ro code   0x804'97aa       0x4  startup_stm32wba52xx.o [1]
  .text              ro code   0x804'97ae       0x4  startup_stm32wba52xx.o [1]
  .text              ro code   0x804'97b2      0x38  zero_init3.o [23]
  .text              ro code   0x804'97ea     0x1f0  lz77_init.o [23]
  .iar.init_table    const     0x804'99dc      0x2c  - Linker created -
  .rodata            const     0x804'9a08       0x0  zero_init3.o [23]
  .rodata            const     0x804'9a08       0x0  lz77_init.o [23]
  Initializer bytes  const     0x804'9a08     0x2ab  <for P6-1>
  TAG_OTA_END        const     0x804'9cb4       0x4  app_ble.o [3]
                             - 0x804'9cb8  0x4'5b58

"P4":                                        0x1000
  CSTACK                      0x2000'0008    0x1000  <Block>
    CSTACK           uninit   0x2000'0008    0x1000  <Block tail>
                            - 0x2000'1008    0x1000

"P6", part 1 of 2:                            0x701
  P6-1                        0x2000'1008     0x701  <Init block>
    .data            inited   0x2000'1008      0x30  app_ble.o [3]
    .data            inited   0x2000'1038      0x1c  app_entry.o [2]
    .data            inited   0x2000'1054     0x110  ota_app.o [3]
    .data            inited   0x2000'1164      0x44  scm.o [7]
    .data            inited   0x2000'11a8      0x40  simple_nvm_arbiter.o [8]
    .data            inited   0x2000'11e8      0x28  stm32_seq.o [19]
    .data            inited   0x2000'1210       0xc  stm32wbaxx_hal.o [16]
    .data            inited   0x2000'121c      0x14  stm32wbaxx_nucleo.o [14]
    .data            inited   0x2000'1230      0x3c  stm32wbaxx_nucleo.o [14]
    .data            inited   0x2000'126c       0x4  system_stm32wbaxx.o [15]
    .data            inited   0x2000'1270       0x4  hci.o [20]
    .data            inited   0x2000'1274      0x60  evnt_schdlr.o [20]
    .data            inited   0x2000'12d4      0x14  bis_iso_mngr.o [20]
    .data            inited   0x2000'12e8      0x34  conn_mngr.o [20]
    .data            inited   0x2000'131c      0x34  database.o [20]
    .data            inited   0x2000'1350       0x8  database.o [20]
    .data            inited   0x2000'1358       0xc  llcp_mngr.o [20]
    .data            inited   0x2000'1364       0xc  llhwc.o [20]
    .data            inited   0x2000'1370       0x8  llhwc_phy.o [20]
    .data            inited   0x2000'1378      0x4c  llhwc_phy_sequences_40nm_2_12_a_A1.o [20]
    .data            inited   0x2000'13c4      0xac  llhwc_phy_sequences_40nm_2_12_a_A1.o [20]
    .data            inited   0x2000'1470      0x98  llhwc_phy_sequences_40nm_2_12_a_A1.o [20]
    .data            inited   0x2000'1508       0x4  llhwc_phy_sequences_40nm_2_12_a_A1.o [20]
    .data            inited   0x2000'150c       0x8  llhwc_phy_sequences_40nm_2_12_a_A1.o [20]
    .data            inited   0x2000'1514      0x34  llhwc_phy_sequences_40nm_2_12_a_A1.o [20]
    .data            inited   0x2000'1548      0x34  llhwc_phy_sequences_40nm_2_12_a_A1.o [20]
    .data            inited   0x2000'157c      0x34  llhwc_phy_sequences_40nm_2_12_a_A1.o [20]
    .data            inited   0x2000'15b0      0x34  llhwc_phy_sequences_40nm_2_12_a_A1.o [20]
    .data            inited   0x2000'15e4       0xc  llhwc_phy_sequences_40nm_2_12_a_A1.o [20]
    .data            inited   0x2000'15f0      0x28  llhwc_phy_sequences_40nm_2_12_a_A1.o [20]
    .data            inited   0x2000'1618      0x24  llhwc_phy_sequences_40nm_2_12_a_A1.o [20]
    .data            inited   0x2000'163c      0x24  llhwc_phy_sequences_40nm_2_12_a_A1.o [20]
    .data            inited   0x2000'1660      0x24  llhwc_phy_sequences_40nm_2_12_a_A1.o [20]
    .data            inited   0x2000'1684      0x24  llhwc_phy_sequences_40nm_2_12_a_A1.o [20]
    .data            inited   0x2000'16a8      0x18  llhwc_phy_sequences_40nm_2_12_a_A1.o [20]
    .data            inited   0x2000'16c0       0x4  llhwc_phy_sequences_40nm_2_12_a_A1.o [20]
    .data            inited   0x2000'16c4       0x4  llhwc_phy_sequences_40nm_2_12_a_A1.o [20]
    .data            inited   0x2000'16c8      0x38  xlocale_c.o [21]
    .data            inited   0x2000'1700       0x4  le_ctrl_events.o [25]
    .data            inited   0x2000'1704       0x2  conn_mngr.o [20]
    .data            inited   0x2000'1706       0x2  llhwc_phy.o [20]
    .data            inited   0x2000'1708       0x1  prvcy_mngr.o [20]
                            - 0x2000'1709     0x701

"P6", part 2 of 2:                           0xb724
  .bss               zero     0x2000'170c    0x3d8c  ble_mem_cfg.o [20]
  .bss               zero     0x2000'5498      0x6c  main.o [2]
  .bss               zero     0x2000'5508    0x2fe8  app_ble.o [3]
  .bss               zero     0x2000'84f0    0x1118  stm32_adv_trace.o [19]
  .bss               zero     0x2000'9608     0xfb8  app_entry.o [2]
  .bss               zero     0x2000'a5c0     0xcb4  mem_cfg.o [20]
  .bss               zero     0x2000'b274      0x64  bpka.o [4]
  .bss               zero     0x2000'b2d8     0x304  non_conn_mngr.o [20]
  .bss               zero     0x2000'b5dc     0x248  blestack_main.o [25]
  .bss               zero     0x2000'b824     0x1a4  adv_ext_mngr_scn.o [20]
  .bss               zero     0x2000'b9c8     0x194  prvcy_mngr.o [20]
  .bss               zero     0x2000'bb5c     0x180  event_manager.o [20]
  .bss               zero     0x2000'bcdc     0x160  le_ctrl.o [25]
  .bss               zero     0x2000'be3c     0x110  app_ble.o [3]
  .bss               zero     0x2000'bf4c     0x110  app_entry.o [2]
  .bss               zero     0x2000'c05c     0x100  ota_app.o [3]
  .bss               zero     0x2000'c15c      0xf8  p2p_server_app.o [3]
  .bss               zero     0x2000'c254      0xc8  main.o [2]
  .bss               zero     0x2000'c31c      0xa0  le_ctrl.o [25]
  .bss               zero     0x2000'c3bc      0x94  conn_mngr.o [20]
  .bss               zero     0x2000'c450      0x88  hw_rng.o [6]
  .bss               zero     0x2000'c4d8      0x80  stm32_seq.o [19]
  .bss               zero     0x2000'c558      0x78  main.o [2]
  .bss               zero     0x2000'c5d0      0x78  main.o [2]
  .bss               zero     0x2000'c648      0x68  multi_role_greedy.o [20]
  .bss               zero     0x2000'c6b0      0x64  llhwc.o [20]
  .bss               zero     0x2000'c714      0x60  llhwc_phy.o [20]
  .bss               zero     0x2000'c774      0x5c  llhwc.o [20]
  .bss               zero     0x2000'c7d0      0x5c  mem_manager.o [20]
  .bss               zero     0x2000'c82c      0x50  app_ble.o [3]
  .bss               zero     0x2000'c87c      0x50  llhwc_phy_sequences_40nm_2_12_a_A1.o [20]
  .bss               zero     0x2000'c8cc      0x44  simple_nvm_arbiter.o [8]
  .bss               zero     0x2000'c910      0x48  evnt_schdlr.o [20]
  .bss               zero     0x2000'c958      0x48  llhwc_cmn.o [20]
  .bss               zero     0x2000'c9a0      0x38  advanced_memory_manager.o [9]
  .bss               zero     0x2000'c9d8      0x38  os_wrapper.o [20]
  .bss               zero     0x2000'ca10      0x34  evnt_schdlr.o [20]
  .bss               zero     0x2000'ca44      0x30  main.o [2]
  .bss               zero     0x2000'ca74      0x30  ble_mem_cfg.o [20]
  .bss               zero     0x2000'caa4      0x30  llhwc_cmn.o [20]
  .bss               zero     0x2000'cad4      0x2c  flash_manager.o [8]
  .bss               zero     0x2000'cb00      0x28  adv_ext_mngr_adv.o [20]
  .bss               zero     0x2000'cb28      0x28  llhwc_phy.o [20]
  .bss               zero     0x2000'cb50      0x24  rf_timing_synchro.o [8]
  .bss               zero     0x2000'cb74      0x24  simple_nvm_arbiter.o [8]
  .bss               zero     0x2000'cb98      0x24  hci.o [20]
  .bss               zero     0x2000'cbbc      0x24  adv_ext_mngr_scn.o [20]
  .bss               zero     0x2000'cbe0      0x24  adv_ext_mngr_scn.o [20]
  .bss               zero     0x2000'cc04      0x24  llhwc_cmn.o [20]
  .bss               zero     0x2000'cc28      0x20  stm32_mm.o [9]
  .bss               zero     0x2000'cc48      0x20  svc_ctl.o [17]
  .bss               zero     0x2000'cc68      0x1c  cis_iso_mngr.o [20]
  .bss               zero     0x2000'cc84      0x1b  llhwc_cmn.o [20]
  .bss               zero     0x2000'cc9f       0x1  hw_aes.o [6]
  .bss               zero     0x2000'cca0      0x18  stm32wbaxx_hal_flash.o [16]
  .bss               zero     0x2000'ccb8      0x14  main.o [2]
  .bss               zero     0x2000'cccc      0x14  ll_tx_pwr_if.o [20]
  .bss               zero     0x2000'cce0      0x14  llhwc_cmn.o [20]
  .bss               zero     0x2000'ccf4      0x10  baes_cmac.o [12]
  .bss               zero     0x2000'cd04      0x10  linklayer_plat.o [4]
  .bss               zero     0x2000'cd14      0x10  nvm_emul.o [10]
  .bss               zero     0x2000'cd30      0x10  simple_nvm_arbiter.o [8]
  .bss               zero     0x2000'cd40       0xf  state_mngr.o [20]
  .bss               zero     0x2000'cd4f       0x1  hw_pka.o [6]
  .bss               zero     0x2000'cd50       0xc  main.o [2]
  .bss               zero     0x2000'cd5c       0xc  ota.o [3]
  .bss               zero     0x2000'cd68       0xc  ota_app.o [3]
  .bss               zero     0x2000'cd74       0xc  ll_sw_timer.o [20]
  .bss               zero     0x2000'cd80       0x9  usart_if.o [6]
  .bss               zero     0x2000'cd89       0x2  evnt_schdlr.o [20]
  .bss               zero     0x2000'cd8b       0x1  linklayer_plat.o [4]
  .bss               zero     0x2000'cd8c       0x8  ble_timer.o [7]
  .bss               zero     0x2000'cd94       0x8  ll_sys_dp_slp.o [18]
  .bss               zero     0x2000'cd9c       0x8  p2p_server.o [3]
  .bss               zero     0x2000'cda4       0x8  p2p_server_app.o [3]
  .bss               zero     0x2000'cdac       0x8  stm32_lpm.o [19]
  .bss               zero     0x2000'cdb4       0x8  stm32_lpm_if.o [6]
  .bss               zero     0x2000'cdbc       0x8  timer_if.o [6]
  .bss               zero     0x2000'cdc4       0x8  event_manager.o [20]
  .bss               zero     0x2000'cdcc       0x8  host_srv_events.o [25]
  .bss               zero     0x2000'cdd4       0x4  adc_ctrl.o [7]
  .bss               zero     0x2000'cdd8       0x4  flash_driver.o [8]
  .bss               zero     0x2000'cddc       0x4  linklayer_plat.o [4]
  .bss               zero     0x2000'cde0       0x4  linklayer_plat.o [4]
  .bss               zero     0x2000'cde4       0x4  linklayer_plat.o [4]
  .bss               zero     0x2000'cde8       0x4  ll_sys_hclk_client.o [18]
  .bss               zero     0x2000'cdec       0x4  scm.o [7]
  .bss               zero     0x2000'cdf0       0x4  stm32_lpm_if.o [6]
  .bss               zero     0x2000'cdf4       0x4  stm32_timer.o [19]
  .bss               zero     0x2000'cdf8       0x4  usart_if.o [6]
  .bss               zero     0x2000'cdfc       0x4  ll_intf.o [20]
  .bss               zero     0x2000'ce00       0x4  ll_sw_timer.o [20]
  .bss               zero     0x2000'ce04       0x4  hci.o [20]
  .bss               zero     0x2000'ce08       0x4  evnt_schdlr.o [20]
  .bss               zero     0x2000'ce0c       0x4  llhwc_cmn.o [20]
  .bss               zero     0x2000'ce10       0x4  llhwc_phy.o [20]
  .bss               zero     0x2000'ce14       0x4  os_wrapper.o [20]
  .bss               zero     0x2000'ce18       0x4  sys.o [20]
  .bss               zero     0x2000'ce1c       0x4  xfail_s.o [21]
  .bss               zero     0x2000'ce20       0x2  evnt_schdlr.o [20]
  .bss               zero     0x2000'ce22       0x2  evnt_utils.o [20]
  .bss               zero     0x2000'ce24       0x2  llhwc.o [20]
  .bss               zero     0x2000'ce26       0x1  svc_ctl.o [17]
  .bss               zero     0x2000'ce27       0x1  le_ctrl.o [25]
  .bss               zero     0x2000'ce28       0x1  evnt_schdlr.o [20]
  .bss               zero     0x2000'ce29       0x1  database.o [20]
  .bss               zero     0x2000'ce2a       0x1  evnt_utils.o [20]
  .bss               zero     0x2000'ce2b       0x1  llhwc_phy.o [20]
  .bss               zero     0x2000'ce2c       0x1  non_conn_mngr.o [20]
  .bss               zero     0x2000'ce2d       0x1  prvcy_mngr.o [20]
  .bss               zero     0x2000'ce2e       0x1  multi_role_greedy.o [20]
                            - 0x2000'ce2f    0xb723

Unused ranges:

         From           To      Size
         ----           --      ----
   0x800'415c   0x800'415f       0x4
   0x804'9cb8   0x80f'bfff  0xb'2348
  0x2000'1709  0x2000'170b       0x3
  0x2000'ce30  0x2000'ffff    0x31d0
  0x2001'0000  0x2001'ffff  0x1'0000


*******************************************************************************
*** INIT TABLE
***

          Address      Size
          -------      ----
Zero (__iar_zero_init3)
    1 destination range, total size 0xb723:
          0x2000'170c  0xb723

Copy/lz77 (__iar_lz77_init3)
    1 source range, total size 0x2ab (38% of destination):
           0x804'9a08   0x2ab
    1 destination range, total size 0x701:
          0x2000'1008   0x701



*******************************************************************************
*** MODULE SUMMARY
***

    Module                                ro code  ro data  rw data
    ------                                -------  -------  -------
command line/config:
    ---------------------------------------------------------------
    Total:

C:\Users\marciasm\OneDrive - STMicroelectronics\Documents\GitHub\STM32CubeWBA\Projects\NUCLEO-WBA52CG\Applications\BLE\BLE_p2pServer_ota\EWARM\BLE_p2pServer_ota\Obj\Application\EWARM: [1]
    startup_stm32wba52xx.o                    576
    ---------------------------------------------------------------
    Total:                                    576

C:\Users\marciasm\OneDrive - STMicroelectronics\Documents\GitHub\STM32CubeWBA\Projects\NUCLEO-WBA52CG\Applications\BLE\BLE_p2pServer_ota\EWARM\BLE_p2pServer_ota\Obj\Application\User\Core: [2]
    app_entry.o                               816       10    4'324
    main.o                                    978               628
    stm32wbaxx_hal_msp.o                      808
    stm32wbaxx_it.o                           272
    ---------------------------------------------------------------
    Total:                                  2'874       10    4'952

C:\Users\marciasm\OneDrive - STMicroelectronics\Documents\GitHub\STM32CubeWBA\Projects\NUCLEO-WBA52CG\Applications\BLE\BLE_p2pServer_ota\EWARM\BLE_p2pServer_ota\Obj\Application\User\STM32_WPAN\App: [3]
    app_ble.o                               3'916    4'498   12'664
    ota.o                                     950      984       12
    ota_app.o                               1'324      704      540
    p2p_server.o                              716      784        8
    p2p_server_app.o                          360      400      256
    ---------------------------------------------------------------
    Total:                                  7'266    7'370   13'480

C:\Users\marciasm\OneDrive - STMicroelectronics\Documents\GitHub\STM32CubeWBA\Projects\NUCLEO-WBA52CG\Applications\BLE\BLE_p2pServer_ota\EWARM\BLE_p2pServer_ota\Obj\Application\User\STM32_WPAN\Target: [4]
    bleplat.o                                 100
    bpka.o                                    326               100
    host_stack_if.o                            16
    linklayer_plat.o                          552      172       29
    ll_sys_if.o                               114
    power_table.o                                      133
    ---------------------------------------------------------------
    Total:                                  1'108      305      129

C:\Users\marciasm\OneDrive - STMicroelectronics\Documents\GitHub\STM32CubeWBA\Projects\NUCLEO-WBA52CG\Applications\BLE\BLE_p2pServer_ota\EWARM\BLE_p2pServer_ota\Obj\Application\User\System\Config\Debug_GPIO: [5]
    app_debug.o                               201
    ---------------------------------------------------------------
    Total:                                    201

C:\Users\marciasm\OneDrive - STMicroelectronics\Documents\GitHub\STM32CubeWBA\Projects\NUCLEO-WBA52CG\Applications\BLE\BLE_p2pServer_ota\EWARM\BLE_p2pServer_ota\Obj\Application\User\System\Interfaces: [6]
    hw_aes.o                                  288                 1
    hw_pka.o                                  264                 1
    hw_rng.o                                  548               136
    pka_p256.o                                584
    stm32_lpm_if.o                             92                12
    timer_if.o                                282       44        8
    usart_if.o                                552       16       13
    ---------------------------------------------------------------
    Total:                                  2'610       60      171

C:\Users\marciasm\OneDrive - STMicroelectronics\Documents\GitHub\STM32CubeWBA\Projects\NUCLEO-WBA52CG\Applications\BLE\BLE_p2pServer_ota\EWARM\BLE_p2pServer_ota\Obj\Application\User\System\Modules: [7]
    adc_ctrl.o                                520                 4
    ble_timer.o                               204                 8
    otp.o                                      48
    scm.o                                   1'244       26       72
    stm_list.o                                134
    ---------------------------------------------------------------
    Total:                                  2'150       26       84

C:\Users\marciasm\OneDrive - STMicroelectronics\Documents\GitHub\STM32CubeWBA\Projects\NUCLEO-WBA52CG\Applications\BLE\BLE_p2pServer_ota\EWARM\BLE_p2pServer_ota\Obj\Application\User\System\Modules\Flash: [8]
    flash_driver.o                            148                 4
    flash_manager.o                           688                44
    rf_timing_synchro.o                       252                36
    simple_nvm_arbiter.o                    2'544       24      184
    ---------------------------------------------------------------
    Total:                                  3'632       24      268

C:\Users\marciasm\OneDrive - STMicroelectronics\Documents\GitHub\STM32CubeWBA\Projects\NUCLEO-WBA52CG\Applications\BLE\BLE_p2pServer_ota\EWARM\BLE_p2pServer_ota\Obj\Application\User\System\Modules\MemoryManager: [9]
    advanced_memory_manager.o                 776                56
    stm32_mm.o                                320                32
    ---------------------------------------------------------------
    Total:                                  1'096                88

C:\Users\marciasm\OneDrive - STMicroelectronics\Documents\GitHub\STM32CubeWBA\Projects\NUCLEO-WBA52CG\Applications\BLE\BLE_p2pServer_ota\EWARM\BLE_p2pServer_ota\Obj\Application\User\System\Modules\Nvm: [10]
    nvm_emul.o                                732                16
    ---------------------------------------------------------------
    Total:                                    732                16

C:\Users\marciasm\OneDrive - STMicroelectronics\Documents\GitHub\STM32CubeWBA\Projects\NUCLEO-WBA52CG\Applications\BLE\BLE_p2pServer_ota\EWARM\BLE_p2pServer_ota\Obj\Application\User\System\Modules\RTDebug: [11]
    RTDebug.o                                 168      152
    ---------------------------------------------------------------
    Total:                                    168      152

C:\Users\marciasm\OneDrive - STMicroelectronics\Documents\GitHub\STM32CubeWBA\Projects\NUCLEO-WBA52CG\Applications\BLE\BLE_p2pServer_ota\EWARM\BLE_p2pServer_ota\Obj\Application\User\System\Modules\baes: [12]
    baes_cmac.o                               380                16
    baes_ecb.o                                 98
    ---------------------------------------------------------------
    Total:                                    478                16

C:\Users\marciasm\OneDrive - STMicroelectronics\Documents\GitHub\STM32CubeWBA\Projects\NUCLEO-WBA52CG\Applications\BLE\BLE_p2pServer_ota\EWARM\BLE_p2pServer_ota\Obj\Application\User\System\Startup: [13]
    stm32wbaxx_ResetHandler.o                  84
    ---------------------------------------------------------------
    Total:                                     84

C:\Users\marciasm\OneDrive - STMicroelectronics\Documents\GitHub\STM32CubeWBA\Projects\NUCLEO-WBA52CG\Applications\BLE\BLE_p2pServer_ota\EWARM\BLE_p2pServer_ota\Obj\Drivers\BSP\STM32WBAxx_Nucleo: [14]
    stm32wbaxx_nucleo.o                       456       31       80
    ---------------------------------------------------------------
[...]
pre_rx_interpacket_2M_size
                         0x800'71cc     0x4  Data  Gb  llhwc_phy_sequences_40nm_2_12_a_A1.o [20]
pre_rx_interpacket_LR   0x2000'1660    0x24  Data  Gb  llhwc_phy_sequences_40nm_2_12_a_A1.o [20]
pre_rx_interpacket_LR_size
                         0x800'71d0     0x4  Data  Gb  llhwc_phy_sequences_40nm_2_12_a_A1.o [20]
pre_rx_interpacket_size
                         0x800'71c8     0x4  Data  Gb  llhwc_phy_sequences_40nm_2_12_a_A1.o [20]
pre_rx_interpacket_zigbee
                        0x2000'1684    0x24  Data  Gb  llhwc_phy_sequences_40nm_2_12_a_A1.o [20]
pre_tx_interpacket      0x2000'1514    0x34  Data  Gb  llhwc_phy_sequences_40nm_2_12_a_A1.o [20]
pre_tx_interpacket_2M   0x2000'1548    0x34  Data  Gb  llhwc_phy_sequences_40nm_2_12_a_A1.o [20]
pre_tx_interpacket_2M_size
                         0x800'71bc     0x4  Data  Gb  llhwc_phy_sequences_40nm_2_12_a_A1.o [20]
pre_tx_interpacket_LR   0x2000'157c    0x34  Data  Gb  llhwc_phy_sequences_40nm_2_12_a_A1.o [20]
pre_tx_interpacket_LR_size
                         0x800'71b4     0x4  Data  Gb  llhwc_phy_sequences_40nm_2_12_a_A1.o [20]
pre_tx_interpacket_size
                         0x800'71b0     0x4  Data  Gb  llhwc_phy_sequences_40nm_2_12_a_A1.o [20]
pre_tx_interpacket_zigbee
                        0x2000'15b0    0x34  Data  Gb  llhwc_phy_sequences_40nm_2_12_a_A1.o [20]
pre_tx_interpacket_zigbee_size
                         0x800'71b8     0x4  Data  Gb  llhwc_phy_sequences_40nm_2_12_a_A1.o [20]
prio_high_isr_counter   0x2000'cd04     0x4  Data  Gb  linklayer_plat.o [4]
prio_low_isr_counter    0x2000'cd08     0x4  Data  Gb  linklayer_plat.o [4]
prio_sys_isr_counter    0x2000'cd0c     0x4  Data  Gb  linklayer_plat.o [4]
prvInsertBlockIntoFreeList
                         0x800'f30b    0x46  Code  Lc  stm32_mm.o [9]
prvcy_mngr_add_rmv_clr_fw_reslvng_list
                         0x802'9a43   0x242  Code  Gb  prvcy_mngr.o [20]
prvcy_mngr_add_rmv_hw_reslvng_list
                         0x802'9f8d   0x20a  Code  Gb  prvcy_mngr.o [20]
prvcy_mngr_addr_gen      0x802'9989    0x68  Code  Gb  prvcy_mngr.o [20]
prvcy_mngr_addr_hndlr    0x802'957d   0x36c  Code  Gb  prvcy_mngr.o [20]
prvcy_mngr_addr_rsln     0x802'99f1    0x52  Code  Gb  prvcy_mngr.o [20]
prvcy_mngr_chck_dev_prvcy_mode
                         0x802'a287    0x3c  Code  Gb  prvcy_mngr.o [20]
prvcy_mngr_chck_rpa      0x802'a245    0x42  Code  Gb  prvcy_mngr.o [20]
prvcy_mngr_free_tmr      0x802'a221    0x24  Code  Lc  prvcy_mngr.o [20]
prvcy_mngr_get_local_rpa
                         0x802'98e9    0xa0  Code  Gb  prvcy_mngr.o [20]
prvcy_mngr_remove_random_addr_list
                         0x802'a197     0x4  Code  Gb  prvcy_mngr.o [20]
prvcy_mngr_reset         0x802'9549    0x34  Code  Gb  prvcy_mngr.o [20]
prvcy_mngr_set_addr_rsln_enble
                         0x802'a1a1    0x26  Code  Gb  prvcy_mngr.o [20]
prvcy_mngr_srch_fw_reslvng_list
                         0x802'9c85   0x308  Code  Gb  prvcy_mngr.o [20]
prvcy_post_timer_evnt_clbk
                         0x802'a1c9    0x50  Code  Lc  prvcy_mngr.o [20]
pushPending              0x800'd269     0xc  Code  Lc  advanced_memory_manager.o [9]
pxEnd                   0x2000'cc30     0x4  Data  Lc  stm32_mm.o [9]
queue_delete             0x804'75c3    0x5c  Code  Gb  ll_queue.o [20]
queue_dequeue            0x804'757d    0x46  Code  Gb  ll_queue.o [20]
queue_enqueue            0x804'74ff    0x3e  Code  Gb  ll_queue.o [20]
queue_free               0x804'74e5    0x1a  Code  Gb  ll_queue.o [20]
queue_handle_pool       0x2000'a5c0   0x260  Data  Gb  mem_cfg.o [20]
queue_insert_frst        0x804'753d    0x40  Code  Gb  ll_queue.o [20]
radio_callback          0x2000'cddc     0x4  Data  Gb  linklayer_plat.o [4]
radio_dp_slp_tmr_id     0x2000'cd98     0x4  Data  Gb  ll_sys_dp_slp.o [18]
radio_sw_low_isr_is_running_high_prio
                        0x2000'cd8b     0x1  Data  Gb  linklayer_plat.o [4]
rco_int_flag            0x2000'cceb     0x1  Data  Gb  llhwc_cmn.o [20]
read_ed_reg_seq          0x800'7158     0x4  Data  Gb  llhwc_phy_sequences_40nm_2_12_a_A1.o [20]
read_ed_reg_seq_size     0x800'71d8     0x4  Data  Gb  llhwc_phy_sequences_40nm_2_12_a_A1.o [20]
read_rssi_cmd            0x800'716c     0x4  Data  Gb  llhwc_phy_sequences_40nm_2_12_a_A1.o [20]
receive_after_transmit  0x2000'cd80     0x1  Data  Gb  usart_if.o [6]
recheck_conflicting      0x803'b7e1   0x506  Code  Lc  multi_role_greedy.o [20]
rem_from_evnts_list      0x803'd743    0x26  Code  Lc  multi_role_greedy.o [20]
rem_ordered              0x803'b779    0x3e  Code  Lc  multi_role_greedy.o [20]
remove_stopped_and_expired_timers
                         0x804'2b41    0x48  Code  Lc  ll_sw_timer.o [20]
req_callback            0x2000'cb54     0x4  Data  Lc  rf_timing_synchro.o [8]
request_temperature_measurement
                         0x800'f1e1    0x2e  Code  Lc  ll_sys_if.o [4]
reset                    0x800'6f8c     0x8  Data  Gb  llhwc_phy_sequences_40nm_2_12_a_A1.o [20]
reset_freq_correction   0x2000'15e4     0xc  Data  Gb  llhwc_phy_sequences_40nm_2_12_a_A1.o [20]
reset_freq_correction_size
                         0x800'71c0     0x4  Data  Gb  llhwc_phy_sequences_40nm_2_12_a_A1.o [20]
reset_size               0x800'7180     0x4  Data  Gb  llhwc_phy_sequences_40nm_2_12_a_A1.o [20]
resume_scan              0x803'ea19    0xf0  Code  Lc  multi_role_greedy.o [20]
rfts_timer              0x2000'cb5c    0x18  Data  Lc  rf_timing_synchro.o [8]
rfts_window_req_pending
                        0x2000'cb50     0x1  Data  Lc  rf_timing_synchro.o [8]
rmv_aux_evnts            0x803'da59    0x54  Code  Lc  multi_role_greedy.o [20]
rmv_evnt                 0x803'd8c9   0x190  Code  Lc  multi_role_greedy.o [20]
rssi_golden_range_lower_limit
                         0x801'8113     0x1  Data  Gb  llhwc_phy_sequences_40nm_2_12_a_A1.o [20]
rssi_golden_range_upper_limit
                         0x801'8112     0x1  Data  Gb  llhwc_phy_sequences_40nm_2_12_a_A1.o [20]
rstr_slot_offset         0x803'b4d1    0x48  Code  Lc  multi_role_greedy.o [20]
scalbln                  0x803'8f09          Code  Gb  ldexp.o [22]
scalblnl                 0x803'8f09          Code  Gb  ldexp.o [22]
scalbn                   0x803'8f09          Code  Gb  ldexp.o [22]
scalbnl                  0x803'8f09          Code  Gb  ldexp.o [22]
scale                    0x801'642d    0x46  Code  Lc  xprintffull_nomb.o [21]
schdlr_multi_role        0x800'6f04    0x54  Data  Lc  multi_role_greedy.o [20]
schdlr_nxt_cycle         0x803'e653    0x50  Code  Lc  multi_role_greedy.o [20]
schedule_event           0x803'bcf5   0x62e  Code  Lc  multi_role_greedy.o [20]
scm_hserdy_isr           0x800'ce47    0x82  Code  Gb  scm.o [7]
scm_init                 0x800'cadb    0xfa  Code  Gb  scm.o [7]
scm_notifyradiostate     0x800'cf0b    0x16  Code  Gb  scm.o [7]
scm_pllrdy_isr           0x800'cedb    0x30  Code  Gb  scm.o [7]
scm_setsystemclock       0x800'cc5b   0x138  Code  Gb  scm.o [7]
scm_setup                0x800'cbd5    0x86  Code  Gb  scm.o [7]
scm_setwaitstates        0x800'cd95    0xb2  Code  Gb  scm.o [7]
scm_system_clock_config
                        0x2000'1164    0x2c  Data  Lc  scm.o [7]
scm_system_clock_requests
                        0x2000'cdee     0x2  Data  Lc  scm.o [7]
sec_hand                0x2000'ce1c     0x4  Data  Lc  xfail_s.o [21]
seq_ram_trg_strt_addr   0x2000'c770     0x4  Data  Gb  llhwc_phy.o [20]
set_aux_hdr_flags        0x802'8ca1   0x142  Code  Lc  adv_ext_mngr_adv.o [20]
set_aux_sync_hdr_flags   0x802'8de3   0x14c  Code  Lc  adv_ext_mngr_adv.o [20]
set_evnt_start_time      0x803'b691    0xa0  Code  Lc  multi_role_greedy.o [20]
set_ext_hdr_flags        0x802'8b5d   0x142  Code  Lc  adv_ext_mngr_adv.o [20]
set_gap_event_mask      0x2000'cdcc     0x2  Data  Gb  host_srv_events.o [25]
set_gatt_event_mask     0x2000'cdd0     0x4  Data  Gb  host_srv_events.o [25]
size_left               0x2000'cd6c     0x4  Data  Lc  ota_app.o [3]
sm_phy_time_btwn_adv_chnls
                        0x2000'cb48     0x8  Data  Gb  llhwc_phy.o [20]
sm_phy_tx_rx_cfg_time   0x2000'cb28    0x20  Data  Gb  llhwc_phy.o [20]
sm_rx_latency_1m_value   0x801'651b     0x1  Data  Gb  llhwc_phy_sequences_40nm_2_12_a_A1.o [20]
sm_rx_latency_2m_value   0x801'66f7     0x1  Data  Gb  llhwc_phy_sequences_40nm_2_12_a_A1.o [20]
sm_rx_latency_coded_value
                         0x801'6b9f     0x1  Data  Gb  llhwc_phy_sequences_40nm_2_12_a_A1.o [20]
sm_tx_latency_1m_value   0x801'651a     0x1  Data  Gb  llhwc_phy_sequences_40nm_2_12_a_A1.o [20]
sm_tx_latency_2m_value   0x801'66f6     0x1  Data  Gb  llhwc_phy_sequences_40nm_2_12_a_A1.o [20]
sm_tx_latency_coded_value
                         0x801'6b9e     0x1  Data  Gb  llhwc_phy_sequences_40nm_2_12_a_A1.o [20]
smp_Build_AuthReq_Field
                         0x801'ad47    0x1e  Code  Lc  smp_pair.o [25]
smp_Check_Incoming_Pairing_Parameters
                         0x801'ac91    0x32  Code  Lc  smp_pair.o [25]
smp_Get_Pairing_Parameters_From_Peer_Packet
                         0x801'acc3    0x84  Code  Lc  smp_pair.o [25]
smp_LP_MI_Compute_c1_Confirm_Value
                         0x801'b145    0xb6  Code  Lc  smp_pair.o [25]
smp_SR_Compute_c1_Confirm_Value
                         0x801'b1fb    0xbe  Code  Lc  smp_pair.o [25]
smp_Set_Key_Association_Method
                         0x801'ad65    0xce  Code  Lc  smp_pair.o [25]
smp__MI_PairingConfirm_Receive
                         0x801'b051    0x56  Code  Lc  smp_pair.o [25]
smp__MI_PairingConfirm_Send
                         0x801'afc5    0x8c  Code  Lc  smp_pair.o [25]
smp__SR_PairingConfirm_Receive
                         0x801'b0a7    0x9e  Code  Lc  smp_pair.o [25]
smp____SC_Phase_2AS2_DHKeyCheck_Send
                         0x801'444d    0x42  Code  Lc  smp_sc.o [25]
smp____SC_Phase_2AS2_Generate_DHKeyCheck
                         0x801'431f   0x12e  Code  Lc  smp_sc.o [25]
smp____SC_Phase_2AS2__Set_Addresses
                         0x801'42ef    0x30  Code  Lc  smp_sc.o [25]
smp_keys_distribution_start
                         0x801'c2cf    0x62  Code  Lc  smp_pair.o [25]
smp_pairing_completed    0x801'c361    0x6e  Code  Lc  smp_pair.o [25]
smp_pairing_process_abort
                         0x801'c3f5   0x152  Code  Lc  smp_pair.o [25]
smp_sc_check_for_ecc_pk_generation
                         0x801'411b    0x2a  Code  Gb  smp_sc.o [25]
smp_sc_continue_on_exclusive_sc_pairing
                         0x801'40bf    0x46  Code  Gb  smp_sc.o [25]
smp_sc_init_local_oob_random
                         0x801'4261     0xa  Code  Gb  smp_sc.o [25]
smp_sc_is_another_sc_pairing_ongoing
                         0x801'4087    0x38  Code  Lc  smp_sc.o [25]
smp_sc_pairing_oob_confirm_receive_verify
                         0x801'426b    0x84  Code  Gb  smp_sc.o [25]
smp_sc_pairing_public_key_receive
                         0x801'41b5    0xac  Code  Gb  smp_sc.o [25]
smp_sc_pairing_public_key_send
                         0x801'4145    0x70  Code  Gb  smp_sc.o [25]
smp_sc_phase_2as2_dhkey_check_receive
                         0x801'448f    0x70  Code  Gb  smp_sc.o [25]
smp_sc_phase_2as2_start
                         0x801'44ff   0x15a  Code  Gb  smp_sc.o [25]
smp_sc_submit_ecc_pk_generation_request
                         0x801'4105    0x16  Code  Gb  smp_sc.o [25]
smp_sc_update_statistics_on_pairing_complete
                         0x801'4659    0x8a  Code  Gb  smp_sc.o [25]
snprintf                 0x801'3f21    0x44  Code  Gb  snprintf.o [21]
sort_events_table        0x803'b3f7    0x3a  Code  Lc  multi_role_greedy.o [20]
sprvsn_timer_set         0x802'a2dd    0x58  Code  Lc  conn_mngr.o [20]
sram1_ns                0x2000'1190     0xc  Data  Gb  scm.o [7]
sram2_ns                0x2000'119c     0xc  Data  Gb  scm.o [7]
stamp_access_adr_match_us
                         0x802'5564     0xc  Data  Lc  llhwc.o [20]
standby_cnt             0x2000'cdb8     0x4  Data  Lc  stm32_lpm_if.o [6]
state_mngr_alloc_state_mchn
                         0x803'4559    0x9e  Code  Gb  state_mngr.o [20]
state_mngr_get_num_concurrent_states
                         0x803'45f7     0x6  Code  Gb  state_mngr.o [20]
state_mngr_get_state_type
                         0x803'469f    0x1c  Code  Gb  state_mngr.o [20]
state_mngr_reset         0x803'4541    0x16  Code  Gb  state_mngr.o [20]
state_mngr_update_state
                         0x803'4601    0x9e  Code  Gb  state_mngr.o [20]
statistic_variables     0x2000'12e8     0xc  Data  Gb  conn_mngr.o [20]
stop_ed_zigbee_seq       0x800'7150     0x8  Data  Gb  llhwc_phy_sequences_40nm_2_12_a_A1.o [20]
stop_ed_zigbee_seq_size
                         0x800'71d4     0x4  Data  Gb  llhwc_phy_sequences_40nm_2_12_a_A1.o [20]
store_tx_pa_enable_command
                        0x2000'1374     0x4  Data  Gb  llhwc_phy.o [20]
strchr                   0x803'8d6d          Code  Gb  strchr.o [23]
strcmp                   0x800'f355          Code  Gb  strcmp.o [23]
strt_vco_clbr_without_init
                        0x2000'150c     0x8  Data  Gb  llhwc_phy_sequences_40nm_2_12_a_A1.o [20]
strt_vco_clbr_without_init_size
                         0x800'71ac     0x4  Data  Gb  llhwc_phy_sequences_40nm_2_12_a_A1.o [20]
sw_timer_activity_cbk   0x2000'cd7c     0x4  Data  Gb  ll_sw_timer.o [20]
sw_timer_int            0x2000'ccec     0x1  Data  Gb  llhwc_cmn.o [20]
sw_timer_pool           0x2000'a820   0x3f0  Data  Gb  mem_cfg.o [20]
sw_timers_head          0x2000'cd74     0x4  Data  Lc  ll_sw_timer.o [20]
sys_shared_init          0x801'd681    0x28  Code  Gb  sys.o [20]
sys_shared_init::initialized
                        0x2000'ce18     0x4  Data  Lc  sys.o [20]
system_debug_table       0x800'749c    0x10  Data  Lc  RTDebug.o [11]
sztmp                   0x2000'9508   0x100  Data  Lc  stm32_adv_trace.o [19]
tx_pa_enable_command     0x800'71f8     0x4  Data  Gb  llhwc_phy_sequences_40nm_2_12_a_A1.o [20]
tx_pwr_seq              0x2000'16c4     0x4  Data  Gb  llhwc_phy_sequences_40nm_2_12_a_A1.o [20]
tx_pwr_seq_size          0x800'71ec     0x4  Data  Gb  llhwc_phy_sequences_40nm_2_12_a_A1.o [20]
uninitialized_addr       0x802'5b68     0x8  Data  Gb  database.o [20]
update_adv_addr          0x802'8f2f    0x24  Code  Lc  adv_ext_mngr_adv.o [20]
update_both_addrs        0x802'8f53    0x62  Code  Lc  adv_ext_mngr_adv.o [20]
update_radio_period_after_rmv_evnt
                         0x803'd769   0x148  Code  Lc  multi_role_greedy.o [20]
update_slot_offset       0x803'b487    0x4a  Code  Lc  multi_role_greedy.o [20]
update_slot_period       0x803'b431    0x50  Code  Lc  multi_role_greedy.o [20]
updt_conn_evnt_durn      0x803'c5cd    0x30  Code  Lc  multi_role_greedy.o [20]
updt_radio_period        0x803'eb09    0xca  Code  Lc  multi_role_greedy.o [20]
utils_gen_access_addr    0x804'7305   0x194  Code  Gb  utils.o [20]
uwTick                  0x2000'1214     0x4  Data  Gb  stm32wbaxx_hal.o [16]
uwTickFreq              0x2000'1210     0x1  Data  Gb  stm32wbaxx_hal.o [16]
uwTickPrio              0x2000'1218     0x4  Data  Gb  stm32wbaxx_hal.o [16]
vsnprintf                0x801'0069    0x3c  Code  Gb  vsnprint.o [21]
wid                     0x2000'cbe0     0x1  Data  Lc  adv_ext_mngr_scn.o [20]
xBlockAllocatedBit      0x2000'cc44     0x4  Data  Lc  stm32_mm.o [9]
xFreeBytesRemaining     0x2000'cc34     0x4  Data  Lc  stm32_mm.o [9]
xMinimumEverFreeBytesRemaining
                        0x2000'cc38     0x4  Data  Lc  stm32_mm.o [9]
xNumberOfSuccessfulAllocations
                        0x2000'cc3c     0x4  Data  Lc  stm32_mm.o [9]
xNumberOfSuccessfulFrees
                        0x2000'cc40     0x4  Data  Lc  stm32_mm.o [9]
xStart                  0x2000'cc28     0x8  Data  Lc  stm32_mm.o [9]


[1] = C:\Users\marciasm\OneDrive - STMicroelectronics\Documents\GitHub\STM32CubeWBA\Projects\NUCLEO-WBA52CG\Applications\BLE\BLE_p2pServer_ota\EWARM\BLE_p2pServer_ota\Obj\Application\EWARM
[2] = C:\Users\marciasm\OneDrive - STMicroelectronics\Documents\GitHub\STM32CubeWBA\Projects\NUCLEO-WBA52CG\Applications\BLE\BLE_p2pServer_ota\EWARM\BLE_p2pServer_ota\Obj\Application\User\Core
[3] = C:\Users\marciasm\OneDrive - STMicroelectronics\Documents\GitHub\STM32CubeWBA\Projects\NUCLEO-WBA52CG\Applications\BLE\BLE_p2pServer_ota\EWARM\BLE_p2pServer_ota\Obj\Application\User\STM32_WPAN\App
[4] = C:\Users\marciasm\OneDrive - STMicroelectronics\Documents\GitHub\STM32CubeWBA\Projects\NUCLEO-WBA52CG\Applications\BLE\BLE_p2pServer_ota\EWARM\BLE_p2pServer_ota\Obj\Application\User\STM32_WPAN\Target
[5] = C:\Users\marciasm\OneDrive - STMicroelectronics\Documents\GitHub\STM32CubeWBA\Projects\NUCLEO-WBA52CG\Applications\BLE\BLE_p2pServer_ota\EWARM\BLE_p2pServer_ota\Obj\Application\User\System\Config\Debug_GPIO
[6] = C:\Users\marciasm\OneDrive - STMicroelectronics\Documents\GitHub\STM32CubeWBA\Projects\NUCLEO-WBA52CG\Applications\BLE\BLE_p2pServer_ota\EWARM\BLE_p2pServer_ota\Obj\Application\User\System\Interfaces
[7] = C:\Users\marciasm\OneDrive - STMicroelectronics\Documents\GitHub\STM32CubeWBA\Projects\NUCLEO-WBA52CG\Applications\BLE\BLE_p2pServer_ota\EWARM\BLE_p2pServer_ota\Obj\Application\User\System\Modules
[8] = C:\Users\marciasm\OneDrive - STMicroelectronics\Documents\GitHub\STM32CubeWBA\Projects\NUCLEO-WBA52CG\Applications\BLE\BLE_p2pServer_ota\EWARM\BLE_p2pServer_ota\Obj\Application\User\System\Modules\Flash
[9] = C:\Users\marciasm\OneDrive - STMicroelectronics\Documents\GitHub\STM32CubeWBA\Projects\NUCLEO-WBA52CG\Applications\BLE\BLE_p2pServer_ota\EWARM\BLE_p2pServer_ota\Obj\Application\User\System\Modules\MemoryManager
[10] = C:\Users\marciasm\OneDrive - STMicroelectronics\Documents\GitHub\STM32CubeWBA\Projects\NUCLEO-WBA52CG\Applications\BLE\BLE_p2pServer_ota\EWARM\BLE_p2pServer_ota\Obj\Application\User\System\Modules\Nvm
[11] = C:\Users\marciasm\OneDrive - STMicroelectronics\Documents\GitHub\STM32CubeWBA\Projects\NUCLEO-WBA52CG\Applications\BLE\BLE_p2pServer_ota\EWARM\BLE_p2pServer_ota\Obj\Application\User\System\Modules\RTDebug
[12] = C:\Users\marciasm\OneDrive - STMicroelectronics\Documents\GitHub\STM32CubeWBA\Projects\NUCLEO-WBA52CG\Applications\BLE\BLE_p2pServer_ota\EWARM\BLE_p2pServer_ota\Obj\Application\User\System\Modules\baes
[13] = C:\Users\marciasm\OneDrive - STMicroelectronics\Documents\GitHub\STM32CubeWBA\Projects\NUCLEO-WBA52CG\Applications\BLE\BLE_p2pServer_ota\EWARM\BLE_p2pServer_ota\Obj\Application\User\System\Startup
[14] = C:\Users\marciasm\OneDrive - STMicroelectronics\Documents\GitHub\STM32CubeWBA\Projects\NUCLEO-WBA52CG\Applications\BLE\BLE_p2pServer_ota\EWARM\BLE_p2pServer_ota\Obj\Drivers\BSP\STM32WBAxx_Nucleo
[15] = C:\Users\marciasm\OneDrive - STMicroelectronics\Documents\GitHub\STM32CubeWBA\Projects\NUCLEO-WBA52CG\Applications\BLE\BLE_p2pServer_ota\EWARM\BLE_p2pServer_ota\Obj\Drivers\CMSIS
[16] = C:\Users\marciasm\OneDrive - STMicroelectronics\Documents\GitHub\STM32CubeWBA\Projects\NUCLEO-WBA52CG\Applications\BLE\BLE_p2pServer_ota\EWARM\BLE_p2pServer_ota\Obj\Drivers\STM32WBAxx_HAL_Driver
[17] = C:\Users\marciasm\OneDrive - STMicroelectronics\Documents\GitHub\STM32CubeWBA\Projects\NUCLEO-WBA52CG\Applications\BLE\BLE_p2pServer_ota\EWARM\BLE_p2pServer_ota\Obj\Middlewares\STM32_WPAN\ble\svc
[18] = C:\Users\marciasm\OneDrive - STMicroelectronics\Documents\GitHub\STM32CubeWBA\Projects\NUCLEO-WBA52CG\Applications\BLE\BLE_p2pServer_ota\EWARM\BLE_p2pServer_ota\Obj\Middlewares\STM32_WPAN\link_layer\ll_sys
[19] = C:\Users\marciasm\OneDrive - STMicroelectronics\Documents\GitHub\STM32CubeWBA\Projects\NUCLEO-WBA52CG\Applications\BLE\BLE_p2pServer_ota\EWARM\BLE_p2pServer_ota\Obj\Utilities
[20] = LinkLayer_BLE_Full_lib.a
[21] = dl7M_tlf.a
[22] = m7M_tls.a
[23] = rt7M_tl.a
[24] = shb_l.a
[25] = stm32wba_ble_stack_full.a

  272'679 bytes of readonly  code memory
   13'197 bytes of readonly  data memory
   52'772 bytes of readwrite data memory

Errors: none
Warnings: none
